Archive member included to satisfy reference by file (symbol)

/usr/bin/../lib/gcc/arm-none-eabi/7.3.1/../../../../arm-none-eabi/lib/thumb/v7e-m/fpv4-sp/hard/libc.a(lib_a-abs.o)
                              _build/kobukiActuator.o (abs)
/usr/bin/../lib/gcc/arm-none-eabi/7.3.1/../../../../arm-none-eabi/lib/thumb/v7e-m/fpv4-sp/hard/libc.a(lib_a-exit.o)
                              /usr/bin/../lib/gcc/arm-none-eabi/7.3.1/../../../../arm-none-eabi/lib/thumb/v7e-m/fpv4-sp/hard/crt0.o (exit)
/usr/bin/../lib/gcc/arm-none-eabi/7.3.1/../../../../arm-none-eabi/lib/thumb/v7e-m/fpv4-sp/hard/libc.a(lib_a-impure.o)
                              /usr/bin/../lib/gcc/arm-none-eabi/7.3.1/../../../../arm-none-eabi/lib/thumb/v7e-m/fpv4-sp/hard/libc.a(lib_a-exit.o) (_global_impure_ptr)
/usr/bin/../lib/gcc/arm-none-eabi/7.3.1/../../../../arm-none-eabi/lib/thumb/v7e-m/fpv4-sp/hard/libc.a(lib_a-init.o)
                              /usr/bin/../lib/gcc/arm-none-eabi/7.3.1/../../../../arm-none-eabi/lib/thumb/v7e-m/fpv4-sp/hard/crt0.o (__libc_init_array)
/usr/bin/../lib/gcc/arm-none-eabi/7.3.1/../../../../arm-none-eabi/lib/thumb/v7e-m/fpv4-sp/hard/libc.a(lib_a-locale.o)
                              _build/nrf_log_str_formatter.o (__locale_ctype_ptr)
/usr/bin/../lib/gcc/arm-none-eabi/7.3.1/../../../../arm-none-eabi/lib/thumb/v7e-m/fpv4-sp/hard/libc.a(lib_a-mbtowc_r.o)
                              /usr/bin/../lib/gcc/arm-none-eabi/7.3.1/../../../../arm-none-eabi/lib/thumb/v7e-m/fpv4-sp/hard/libc.a(lib_a-locale.o) (__ascii_mbtowc)
/usr/bin/../lib/gcc/arm-none-eabi/7.3.1/../../../../arm-none-eabi/lib/thumb/v7e-m/fpv4-sp/hard/libc.a(lib_a-memcmp.o)
                              _build/nrf_twi_mngr.o (memcmp)
/usr/bin/../lib/gcc/arm-none-eabi/7.3.1/../../../../arm-none-eabi/lib/thumb/v7e-m/fpv4-sp/hard/libc.a(lib_a-memcpy.o)
                              _build/kobukiUART.o (memcpy)
/usr/bin/../lib/gcc/arm-none-eabi/7.3.1/../../../../arm-none-eabi/lib/thumb/v7e-m/fpv4-sp/hard/libc.a(lib_a-memset.o)
                              /usr/bin/../lib/gcc/arm-none-eabi/7.3.1/../../../../arm-none-eabi/lib/thumb/v7e-m/fpv4-sp/hard/crt0.o (memset)
/usr/bin/../lib/gcc/arm-none-eabi/7.3.1/../../../../arm-none-eabi/lib/thumb/v7e-m/fpv4-sp/hard/libc.a(lib_a-printf.o)
                              _build/main.o (printf)
/usr/bin/../lib/gcc/arm-none-eabi/7.3.1/../../../../arm-none-eabi/lib/thumb/v7e-m/fpv4-sp/hard/libc.a(lib_a-setbuf.o)
                              _build/before_startup.o (setbuf)
/usr/bin/../lib/gcc/arm-none-eabi/7.3.1/../../../../arm-none-eabi/lib/thumb/v7e-m/fpv4-sp/hard/libc.a(lib_a-setvbuf.o)
                              /usr/bin/../lib/gcc/arm-none-eabi/7.3.1/../../../../arm-none-eabi/lib/thumb/v7e-m/fpv4-sp/hard/libc.a(lib_a-setbuf.o) (setvbuf)
/usr/bin/../lib/gcc/arm-none-eabi/7.3.1/../../../../arm-none-eabi/lib/thumb/v7e-m/fpv4-sp/hard/libc.a(lib_a-strcmp.o)
                              /usr/bin/../lib/gcc/arm-none-eabi/7.3.1/../../../../arm-none-eabi/lib/thumb/v7e-m/fpv4-sp/hard/libc.a(lib_a-locale.o) (strcmp)
/usr/bin/../lib/gcc/arm-none-eabi/7.3.1/../../../../arm-none-eabi/lib/thumb/v7e-m/fpv4-sp/hard/libc.a(lib_a-strcpy.o)
                              _build/SEGGER_RTT.o (strcpy)
/usr/bin/../lib/gcc/arm-none-eabi/7.3.1/../../../../arm-none-eabi/lib/thumb/v7e-m/fpv4-sp/hard/libc.a(lib_a-strlen.o)
                              _build/display.o (strlen)
/usr/bin/../lib/gcc/arm-none-eabi/7.3.1/../../../../arm-none-eabi/lib/thumb/v7e-m/fpv4-sp/hard/libc.a(lib_a-vfprintf.o)
                              /usr/bin/../lib/gcc/arm-none-eabi/7.3.1/../../../../arm-none-eabi/lib/thumb/v7e-m/fpv4-sp/hard/libc.a(lib_a-printf.o) (_vfprintf_r)
/usr/bin/../lib/gcc/arm-none-eabi/7.3.1/../../../../arm-none-eabi/lib/thumb/v7e-m/fpv4-sp/hard/libc.a(lib_a-vsnprintf.o)
                              _build/simple_logger.o (vsnprintf)
/usr/bin/../lib/gcc/arm-none-eabi/7.3.1/../../../../arm-none-eabi/lib/thumb/v7e-m/fpv4-sp/hard/libc.a(lib_a-wctomb_r.o)
                              /usr/bin/../lib/gcc/arm-none-eabi/7.3.1/../../../../arm-none-eabi/lib/thumb/v7e-m/fpv4-sp/hard/libc.a(lib_a-locale.o) (__ascii_wctomb)
/usr/bin/../lib/gcc/arm-none-eabi/7.3.1/../../../../arm-none-eabi/lib/thumb/v7e-m/fpv4-sp/hard/libc.a(lib_a-wsetup.o)
                              /usr/bin/../lib/gcc/arm-none-eabi/7.3.1/../../../../arm-none-eabi/lib/thumb/v7e-m/fpv4-sp/hard/libc.a(lib_a-vfprintf.o) (__swsetup_r)
/usr/bin/../lib/gcc/arm-none-eabi/7.3.1/../../../../arm-none-eabi/lib/thumb/v7e-m/fpv4-sp/hard/libc.a(lib_a-__call_atexit.o)
                              /usr/bin/../lib/gcc/arm-none-eabi/7.3.1/../../../../arm-none-eabi/lib/thumb/v7e-m/fpv4-sp/hard/libc.a(lib_a-exit.o) (__call_exitprocs)
/usr/bin/../lib/gcc/arm-none-eabi/7.3.1/../../../../arm-none-eabi/lib/thumb/v7e-m/fpv4-sp/hard/libc.a(lib_a-atexit.o)
[...]
Memory Configuration

Name             Origin             Length             Attributes
FLASH            0x0000000000026000 0x0000000000059000 xr
RAM              0x00000000200098a8 0x0000000000006758 xrw
bootloader_settings_page 0x000000000007f000 0x0000000000001000 r
uicr_bootloader_start_address 0x0000000010001014 0x0000000000000004 r
*default*        0x0000000000000000 0xffffffffffffffff

Linker script and memory map


.text           0x0000000000026000     0xf140
 *(.isr_vector)
 .isr_vector    0x0000000000026000      0x200 _build/gcc_startup_nrf52.os
                0x0000000000026000                __isr_vector
 *(.text*)
 .text          0x0000000000026200       0x40 /usr/bin/../lib/gcc/arm-none-eabi/7.3.1/thumb/v7e-m/fpv4-sp/hard/crtbegin.o
 .text          0x0000000000026240       0x74 /usr/bin/../lib/gcc/arm-none-eabi/7.3.1/../../../../arm-none-eabi/lib/thumb/v7e-m/fpv4-sp/hard/crt0.o
                0x0000000000026240                _mainCRTStartup
                0x0000000000026240                _start
 .text.ble_evt_write
                0x00000000000262b4       0x18 _build/main.o
                0x00000000000262b4                ble_evt_write
 .text.startup.main
                0x00000000000262cc      0x130 _build/main.o
                0x00000000000262cc                main
 .text.nrf_drv_spi_transfer.constprop.1
                0x00000000000263fc       0x1c _build/display.o
 .text.nrf_delay_ms.part.0.constprop.2
                0x0000000000026418       0x1c _build/display.o
 .text.display_init
                0x0000000000026434       0xf0 _build/display.o
                0x0000000000026434                display_init
 .text.display_write
                0x0000000000026524       0xa4 _build/display.o
                0x0000000000026524                display_write
 .text.gyro_timer_event_handler
                0x00000000000265c8        0x2 _build/mpu9250.o
 *fill*         0x00000000000265ca        0x2 
 .text.i2c_reg_write
                0x00000000000265cc       0x48 _build/mpu9250.o
 .text.nrf_delay_ms.part.0
                0x0000000000026614       0x1c _build/mpu9250.o
 .text.mpu9250_init
                0x0000000000026630       0xa4 _build/mpu9250.o
                0x0000000000026630                mpu9250_init
 .text.kobukiInit
                0x00000000000266d4       0x4c _build/kobukiUtilities.o
                0x00000000000266d4                kobukiInit
 .text.nrf_delay_ms.part.0
                0x0000000000026720       0x1c _build/better_error_handling.o
 .text.app_error_fault_handler
                0x000000000002673c      0x128 _build/better_error_handling.o
                0x000000000002673c                app_error_fault_handler
 .text.HardFault_process
                0x0000000000026864       0x9a _build/better_error_handling.o
                0x0000000000026864                HardFault_process
 .text._GetAvailWriteSpace
                0x00000000000268fe       0x1c _build/SEGGER_RTT.o
 .text._WriteNoCheck
                0x000000000002691a       0x3a _build/SEGGER_RTT.o
 .text._WriteBlocking
                0x0000000000026954       0x52 _build/SEGGER_RTT.o
 *fill*         0x00000000000269a6        0x2 
 .text._DoInit  0x00000000000269a8       0x60 _build/SEGGER_RTT.o
 .text.SEGGER_RTT_WriteNoLock
                0x0000000000026a08       0x68 _build/SEGGER_RTT.o
                0x0000000000026a08                SEGGER_RTT_WriteNoLock
 .text.SEGGER_RTT_Write
                0x0000000000026a70       0x3c _build/SEGGER_RTT.o
                0x0000000000026a70                SEGGER_RTT_Write
 .text.SEGGER_RTT_Init
                0x0000000000026aac        0x4 _build/SEGGER_RTT.o
                0x0000000000026aac                SEGGER_RTT_Init
 .text._write_r
                0x0000000000026ab0       0x12 _build/SEGGER_RTT_Syscalls_GCC.o
                0x0000000000026ab0                _write_r
 .text.app_error_handler
                0x0000000000026ac2       0x1a _build/app_error_handler_gcc.o
                0x0000000000026ac2                app_error_handler
 .text.user_op_alloc
                0x0000000000026adc       0x2c _build/app_timer.o
 .text.timer_stop_op_schedule
                0x0000000000026b08       0x50 _build/app_timer.o
 .text.nrfx_coredep_delay_us.constprop.3
                0x0000000000026b58       0x10 _build/app_timer.o
 .text.RTC1_IRQHandler
                0x0000000000026b68       0x9c _build/app_timer.o
                0x0000000000026b68                RTC1_IRQHandler
 .text.SWI0_EGU0_IRQHandler
                0x0000000000026c04      0x2a4 _build/app_timer.o
                0x0000000000026c04                SWI0_EGU0_IRQHandler
 .text.app_timer_init
                0x0000000000026ea8       0x88 _build/app_timer.o
                0x0000000000026ea8                app_timer_init
 .text.app_timer_create
                0x0000000000026f30       0x24 _build/app_timer.o
                0x0000000000026f30                app_timer_create
 .text.app_timer_start
                0x0000000000026f54       0x88 _build/app_timer.o
                0x0000000000026f54                app_timer_start
 .text.app_timer_stop
                0x0000000000026fdc       0x20 _build/app_timer.o
                0x0000000000026fdc                app_timer_stop
 .text.privilege_level_get
                0x0000000000026ffc       0x1a _build/app_util_platform.o
                0x0000000000026ffc                privilege_level_get
 *fill*         0x0000000000027016        0x2 
 .text.app_util_critical_region_enter
                0x0000000000027018       0x60 _build/app_util_platform.o
                0x0000000000027018                app_util_critical_region_enter
 .text.app_util_critical_region_exit
                0x0000000000027078       0x40 _build/app_util_platform.o
                0x0000000000027078                app_util_critical_region_exit
 .text.startup.called_first
                0x00000000000270b8       0x10 _build/before_startup.o
                0x00000000000270b8                called_first
 .text.HardFault_Handler
                0x00000000000270c8       0x34 _build/hardfault_handler_gcc.o
                0x00000000000270c8                HardFault_Handler
 .text.HardFault_c_handler
                0x00000000000270fc      0x104 _build/hardfault_implementation.o
                0x00000000000270fc                HardFault_c_handler
 .text.nrf_atomic_u32_fetch_store
                0x0000000000027200       0x14 _build/nrf_atomic.o
                0x0000000000027200                nrf_atomic_u32_fetch_store
 .text.nrf_atomic_u32_or
                0x0000000000027214       0x16 _build/nrf_atomic.o
                0x0000000000027214                nrf_atomic_u32_or
 .text.nrf_atomic_u32_fetch_and
                0x000000000002722a       0x16 _build/nrf_atomic.o
                0x000000000002722a                nrf_atomic_u32_fetch_and
 .text.nrf_atomic_u32_add
                0x0000000000027240       0x16 _build/nrf_atomic.o
                0x0000000000027240                nrf_atomic_u32_add
 .text.nrf_atomic_u32_sub
                0x0000000000027256       0x16 _build/nrf_atomic.o
                0x0000000000027256                nrf_atomic_u32_sub
 .text.nrf_atomic_flag_set
                0x000000000002726c        0x6 _build/nrf_atomic.o
                0x000000000002726c                nrf_atomic_flag_set
 .text.nrf_atomic_flag_clear_fetch
                0x0000000000027272        0x6 _build/nrf_atomic.o
                0x0000000000027272                nrf_atomic_flag_clear_fetch
 .text.nrf_balloc_init
                0x0000000000027278       0x7c _build/nrf_balloc.o
                0x0000000000027278                nrf_balloc_init
 .text.nrf_balloc_alloc
                0x00000000000272f4       0x5c _build/nrf_balloc.o
                0x00000000000272f4                nrf_balloc_alloc
 .text.nrf_balloc_free
                0x0000000000027350       0x50 _build/nrf_balloc.o
                0x0000000000027350                nrf_balloc_free
 .text.clock_clk_started_notify
                0x00000000000273a0       0x28 _build/nrf_drv_clock.o
 .text.clock_irq_handler
                0x00000000000273c8       0x1c _build/nrf_drv_clock.o
 .text.soc_evt_handler
                0x00000000000273e4       0x14 _build/nrf_drv_clock.o
 .text.nrf_drv_clock_init
                0x00000000000273f8       0x38 _build/nrf_drv_clock.o
                0x00000000000273f8                nrf_drv_clock_init
 .text.nrf_drv_clock_lfclk_request
                0x0000000000027430       0x84 _build/nrf_drv_clock.o
                0x0000000000027430                nrf_drv_clock_lfclk_request
 .text.nrf_drv_clock_lfclk_release
                0x00000000000274b4       0x60 _build/nrf_drv_clock.o
                0x00000000000274b4                nrf_drv_clock_lfclk_release
 .text.sd_state_evt_handler
                0x0000000000027514       0x6c _build/nrf_drv_clock.o
 .text.spim_evt_handler
                0x0000000000027580       0x3c _build/nrf_drv_spi.o
 .text.nrf_drv_spi_init
                0x00000000000275bc       0x80 _build/nrf_drv_spi.o
                0x00000000000275bc                nrf_drv_spi_init
 .text.twim_evt_handler
                0x000000000002763c       0x48 _build/nrf_drv_twi.o
 .text.nrf_gpio_pin_port_decode.isra.0.part.1
                0x0000000000027684       0x10 _build/nrf_drv_twi.o
 .text.nrf_gpio_pin_set
                0x0000000000027694       0x1c _build/nrf_drv_twi.o
 .text.nrfx_coredep_delay_us.constprop.2
                0x00000000000276b0       0x10 _build/nrf_drv_twi.o
 .text.nrf_drv_twi_init
                0x00000000000276c0       0xf0 _build/nrf_drv_twi.o
                0x00000000000276c0                nrf_drv_twi_init
 .text.uarte_evt_handler
                0x00000000000277b0       0x34 _build/nrf_drv_uart.o
 .text.uart_evt_handler
                0x00000000000277e4       0x34 _build/nrf_drv_uart.o
 .text.nrf_drv_uart_init
                0x0000000000027818       0x7c _build/nrf_drv_uart.o
                0x0000000000027818                nrf_drv_uart_init
 .text.nrf_fprintf_buffer_flush
                0x0000000000027894       0x24 _build/nrf_fprintf.o
                0x0000000000027894                nrf_fprintf_buffer_flush
 .text.nrf_fprintf
                0x00000000000278b8       0x58 _build/nrf_fprintf.o
                0x00000000000278b8                nrf_fprintf
 .text.buffer_add
                0x0000000000027910       0x1e _build/nrf_fprintf_format.o
 *fill*         0x000000000002792e        0x2 
 .text.unsigned_print
                0x0000000000027930       0xac _build/nrf_fprintf_format.o
 .text.nrf_fprintf_fmt
                0x00000000000279dc      0x2c4 _build/nrf_fprintf_format.o
                0x00000000000279dc                nrf_fprintf_fmt
 .text.nrf_log_backend_rtt_flush
                0x0000000000027ca0        0x2 _build/nrf_log_backend_rtt.o
 *fill*         0x0000000000027ca2        0x2 
 .text.nrf_log_backend_rtt_put
                0x0000000000027ca4       0x1c _build/nrf_log_backend_rtt.o
 .text.serial_tx
                0x0000000000027cc0       0x50 _build/nrf_log_backend_rtt.o
 .text.nrf_log_backend_rtt_panic_set
                0x0000000000027d10        0x2 _build/nrf_log_backend_rtt.o
 .text.nrf_log_backend_rtt_init
                0x0000000000027d12        0x4 _build/nrf_log_backend_rtt.o
                0x0000000000027d12                nrf_log_backend_rtt_init
 .text.nrf_log_backend_serial_put
                0x0000000000027d16       0xcc _build/nrf_log_backend_serial.o
                0x0000000000027d16                nrf_log_backend_serial_put
 *fill*         0x0000000000027de2        0x2 
 .text.nrf_log_default_backends_init
                0x0000000000027de4       0x30 _build/nrf_log_default_backends.o
                0x0000000000027de4                nrf_log_default_backends_init
 .text.invalid_packets_omit
                0x0000000000027e14       0x3a _build/nrf_log_frontend.o
 *fill*         0x0000000000027e4e        0x2 
 .text.buf_prealloc
                0x0000000000027e50      0x138 _build/nrf_log_frontend.o
 .text.nrf_log_init
                0x0000000000027f88       0x3c _build/nrf_log_frontend.o
                0x0000000000027f88                nrf_log_init
 .text.nrf_log_module_name_get
                0x0000000000027fc4       0x38 _build/nrf_log_frontend.o
                0x0000000000027fc4                nrf_log_module_name_get
 .text.nrf_log_color_id_get
                0x0000000000027ffc       0x2c _build/nrf_log_frontend.o
                0x0000000000027ffc                nrf_log_color_id_get
 .text.buffer_is_empty
                0x0000000000028028       0x14 _build/nrf_log_frontend.o
                0x0000000000028028                buffer_is_empty
 .text.nrf_log_frontend_dequeue
                0x000000000002803c      0x228 _build/nrf_log_frontend.o
                0x000000000002803c                nrf_log_frontend_dequeue
 .text.std_n    0x0000000000028264       0xd8 _build/nrf_log_frontend.o
 .text.nrf_log_frontend_std_0
                0x000000000002833c        0x8 _build/nrf_log_frontend.o
                0x000000000002833c                nrf_log_frontend_std_0
 .text.nrf_log_frontend_std_1
                0x0000000000028344       0x14 _build/nrf_log_frontend.o
                0x0000000000028344                nrf_log_frontend_std_1
 .text.nrf_log_frontend_std_2
                0x0000000000028358       0x14 _build/nrf_log_frontend.o
                0x0000000000028358                nrf_log_frontend_std_2
 .text.nrf_log_frontend_std_3
                0x000000000002836c       0x18 _build/nrf_log_frontend.o
                0x000000000002836c                nrf_log_frontend_std_3
 .text.nrf_log_frontend_std_4
                0x0000000000028384       0x1c _build/nrf_log_frontend.o
                0x0000000000028384                nrf_log_frontend_std_4
 .text.nrf_log_backend_add
                0x00000000000283a0       0x54 _build/nrf_log_frontend.o
                0x00000000000283a0                nrf_log_backend_add
 .text.nrf_log_panic
                0x00000000000283f4       0x2c _build/nrf_log_frontend.o
                0x00000000000283f4                nrf_log_panic
 .text.postfix_process
                0x0000000000028420       0x3c _build/nrf_log_str_formatter.o
 .text.prefix_process
                0x000000000002845c       0x78 _build/nrf_log_str_formatter.o
 .text.nrf_log_std_entry_process
                0x00000000000284d4       0xc8 _build/nrf_log_str_formatter.o
                0x00000000000284d4                nrf_log_std_entry_process
 .text.nrf_log_hexdump_entry_process
                0x000000000002859c       0xbc _build/nrf_log_str_formatter.o
                0x000000000002859c                nrf_log_hexdump_entry_process
 .text.memobj_op
                0x0000000000028658       0xa4 _build/nrf_memobj.o
 .text.nrf_memobj_pool_init
                0x00000000000286fc        0x4 _build/nrf_memobj.o
                0x00000000000286fc                nrf_memobj_pool_init
 .text.nrf_memobj_free
                0x0000000000028700       0x2c _build/nrf_memobj.o
                0x0000000000028700                nrf_memobj_free
 .text.nrf_memobj_alloc
                0x000000000002872c       0x5e _build/nrf_memobj.o
                0x000000000002872c                nrf_memobj_alloc
 .text.nrf_memobj_get
                0x000000000002878a        0x8 _build/nrf_memobj.o
                0x000000000002878a                nrf_memobj_get
 .text.nrf_memobj_put
                0x0000000000028792       0x1e _build/nrf_memobj.o
                0x0000000000028792                nrf_memobj_put
 .text.nrf_memobj_write
                0x00000000000287b0       0x2c _build/nrf_memobj.o
                0x00000000000287b0                nrf_memobj_write
 .text.nrf_memobj_read
                0x00000000000287dc       0x2c _build/nrf_memobj.o
                0x00000000000287dc                nrf_memobj_read
 .text.nrf_pwr_mgmt_init
                0x0000000000028808       0x2c _build/nrf_pwr_mgmt.o
                0x0000000000028808                nrf_pwr_mgmt_init
 .text.nrf_ringbuf_init
                0x0000000000028834       0x1c _build/nrf_ringbuf.o
                0x0000000000028834                nrf_ringbuf_init
 .text.queue_utilization_get
                0x0000000000028850       0x18 _build/nrf_queue.o
 .text.nrf_queue_next_idx
                0x0000000000028868       0x20 _build/nrf_queue.o
 .text.queue_read
                0x0000000000028888       0x66 _build/nrf_queue.o
 *fill*         0x00000000000288ee        0x2 
 .text.nrf_queue_is_full
                0x00000000000288f0       0x28 _build/nrf_queue.o
                0x00000000000288f0                nrf_queue_is_full
 .text.nrf_queue_push
                0x0000000000028918       0xc8 _build/nrf_queue.o
                0x0000000000028918                nrf_queue_push
 .text.nrf_queue_out
                0x00000000000289e0       0x58 _build/nrf_queue.o
                0x00000000000289e0                nrf_queue_out
 .text.nrf_queue_reset
                0x0000000000028a38       0x38 _build/nrf_queue.o
                0x0000000000028a38                nrf_queue_reset
 .text.nrf_queue_utilization_get
                0x0000000000028a70       0x38 _build/nrf_queue.o
                0x0000000000028a70                nrf_queue_utilization_get
 .text.nrf_queue_is_empty
                0x0000000000028aa8       0x24 _build/nrf_queue.o
                0x0000000000028aa8                nrf_queue_is_empty
 .text.nrf_queue_generic_pop
                0x0000000000028acc       0xa8 _build/nrf_queue.o
                0x0000000000028acc                nrf_queue_generic_pop
 .text.nrf_queue_available_get
                0x0000000000028b74       0x20 _build/nrf_queue.o
                0x0000000000028b74                nrf_queue_available_get
 .text.queue_write
                0x0000000000028b94       0x8a _build/nrf_queue.o
 *fill*         0x0000000000028c1e        0x2 
 .text.nrf_queue_in
                0x0000000000028c20       0x64 _build/nrf_queue.o
                0x0000000000028c20                nrf_queue_in
 .text.nrf_section_iter_init
                0x0000000000028c84       0x30 _build/nrf_section_iter.o
                0x0000000000028c84                nrf_section_iter_init
 .text.nrf_section_iter_next
                0x0000000000028cb4       0x38 _build/nrf_section_iter.o
                0x0000000000028cb4                nrf_section_iter_next
 .text.event_handler
                0x0000000000028cec        0xc _build/nrf_serial.o
 .text.nrf_drv_uart_tx
                0x0000000000028cf8       0x24 _build/nrf_serial.o
 .text.nrf_drv_uart_rx
                0x0000000000028d1c       0x24 _build/nrf_serial.o
 .text.uart_event_handler
                0x0000000000028d40       0x9c _build/nrf_serial.o
 .text.nrf_serial_init
                0x0000000000028ddc      0x138 _build/nrf_serial.o
                0x0000000000028ddc                nrf_serial_init
 .text.nrf_strerror_find
                0x0000000000028f14       0x3c _build/nrf_strerror.o
                0x0000000000028f14                nrf_strerror_find
 .text.nrf_strerror_get
                0x0000000000028f50       0x14 _build/nrf_strerror.o
                0x0000000000028f50                nrf_strerror_get
 .text.internal_transaction_cb
                0x0000000000028f64        0xa _build/nrf_twi_mngr.o
 *fill*         0x0000000000028f6e        0x2 
 .text.transaction_end_signal
                0x0000000000028f70       0x30 _build/nrf_twi_mngr.o
 .text.start_transfer
                0x0000000000028fa0       0xc4 _build/nrf_twi_mngr.o
 .text.start_pending_transaction
                0x0000000000029064       0xb8 _build/nrf_twi_mngr.o
 .text.twi_event_handler
                0x000000000002911c       0x58 _build/nrf_twi_mngr.o
 .text.nrf_twi_mngr_init
                0x0000000000029174       0x78 _build/nrf_twi_mngr.o
                0x0000000000029174                nrf_twi_mngr_init
 .text.nrf_twi_mngr_schedule
                0x00000000000291ec       0x60 _build/nrf_twi_mngr.o
                0x00000000000291ec                nrf_twi_mngr_schedule
 .text.nrf_twi_mngr_perform
                0x000000000002924c       0x80 _build/nrf_twi_mngr.o
                0x000000000002924c                nrf_twi_mngr_perform
 .text.nrfx_clock_init
                0x00000000000292cc       0x2c _build/nrfx_clock.o
                0x00000000000292cc                nrfx_clock_init
 .text.nrfx_clock_enable
                0x00000000000292f8       0x3c _build/nrfx_clock.o
                0x00000000000292f8                nrfx_clock_enable
 .text.nrfx_clock_lfclk_start
                0x0000000000029334       0x6c _build/nrfx_clock.o
                0x0000000000029334                nrfx_clock_lfclk_start
 .text.nrfx_clock_lfclk_stop
                0x00000000000293a0       0x30 _build/nrfx_clock.o
                0x00000000000293a0                nrfx_clock_lfclk_stop
 .text.POWER_CLOCK_IRQHandler
                0x00000000000293d0       0x64 _build/nrfx_clock.o
                0x00000000000293d0                POWER_CLOCK_IRQHandler
 .text.nrf_gpiote_event_clear
                0x0000000000029434       0x18 _build/nrfx_gpiote.o
 .text.channel_free
                0x000000000002944c       0x1c _build/nrfx_gpiote.o
 .text.nrf_gpio_pin_port_decode.isra.0.part.1
                0x0000000000029468       0x10 _build/nrfx_gpiote.o
 .text.nrf_gpio_cfg_sense_set
                0x0000000000029478       0x2e _build/nrfx_gpiote.o
 *fill*         0x00000000000294a6        0x2 
 .text.nrfx_gpiote_init
                0x00000000000294a8       0x6c _build/nrfx_gpiote.o
                0x00000000000294a8                nrfx_gpiote_init
 .text.nrfx_gpiote_is_init
                0x0000000000029514       0x14 _build/nrfx_gpiote.o
                0x0000000000029514                nrfx_gpiote_is_init
 .text.nrfx_gpiote_out_init
                0x0000000000029528      0x11c _build/nrfx_gpiote.o
                0x0000000000029528                nrfx_gpiote_out_init
 .text.nrfx_gpiote_out_set
                0x0000000000029644       0x5c _build/nrfx_gpiote.o
                0x0000000000029644                nrfx_gpiote_out_set
 .text.nrfx_gpiote_out_clear
                0x00000000000296a0       0x5c _build/nrfx_gpiote.o
                0x00000000000296a0                nrfx_gpiote_out_clear
 .text.GPIOTE_IRQHandler
                0x00000000000296fc      0x18c _build/nrfx_gpiote.o
                0x00000000000296fc                GPIOTE_IRQHandler
 .text.UARTE0_UART0_IRQHandler
                0x0000000000029888       0x20 _build/nrfx_prs.o
                0x0000000000029888                UARTE0_UART0_IRQHandler
 .text.nrfx_prs_acquire
                0x00000000000298a8       0x50 _build/nrfx_prs.o
                0x00000000000298a8                nrfx_prs_acquire
 .text.nrfx_prs_release
                0x00000000000298f8       0x28 _build/nrfx_prs.o
                0x00000000000298f8                nrfx_prs_release
 .text.nrf_pwm_event_clear
                0x0000000000029920       0x10 _build/nrfx_pwm.o
 .text.irq_handler
                0x0000000000029930       0x80 _build/nrfx_pwm.o
 .text.PWM0_IRQHandler
                0x00000000000299b0       0x10 _build/nrfx_pwm.o
                0x00000000000299b0                PWM0_IRQHandler
 .text.PWM1_IRQHandler
                0x00000000000299c0       0x10 _build/nrfx_pwm.o
                0x00000000000299c0                PWM1_IRQHandler
 .text.PWM2_IRQHandler
                0x00000000000299d0       0x10 _build/nrfx_pwm.o
                0x00000000000299d0                PWM2_IRQHandler
 .text.nrf_saadc_event_clear
                0x00000000000299e0       0x18 _build/nrfx_saadc.o
 .text.SAADC_IRQHandler
                0x00000000000299f8      0x164 _build/nrfx_saadc.o
                0x00000000000299f8                SAADC_IRQHandler
 .text.nrf_gpio_pin_port_decode.isra.0.part.1
                0x0000000000029b5c       0x10 _build/nrfx_spim.o
 .text.nrf_gpio_pin_clear
                0x0000000000029b6c       0x1c _build/nrfx_spim.o
 .text.nrf_gpio_pin_set
                0x0000000000029b88       0x1c _build/nrfx_spim.o
 .text.SPIM1_SPIS1_TWIM1_TWIS1_SPI1_TWI1_IRQHandler
                0x0000000000029ba4       0x64 _build/nrfx_spim.o
                0x0000000000029ba4                SPIM1_SPIS1_TWIM1_TWIS1_SPI1_TWI1_IRQHandler
 .text.nrfx_spim_init
                0x0000000000029c08      0x21c _build/nrfx_spim.o
                0x0000000000029c08                nrfx_spim_init
 .text.nrfx_spim_xfer
                0x0000000000029e24      0x170 _build/nrfx_spim.o
                0x0000000000029e24                nrfx_spim_xfer
 .text.irq_handler.constprop.0
                0x0000000000029f94       0x4c _build/nrfx_timer.o
 .text.nrfx_timer_init
                0x0000000000029fe0      0x170 _build/nrfx_timer.o
                0x0000000000029fe0                nrfx_timer_init
 .text.TIMER0_IRQHandler
                0x000000000002a150       0x10 _build/nrfx_timer.o
                0x000000000002a150                TIMER0_IRQHandler
 .text.TIMER1_IRQHandler
                0x000000000002a160       0x10 _build/nrfx_timer.o
                0x000000000002a160                TIMER1_IRQHandler
 .text.nrf_twim_event_clear
                0x000000000002a170       0x10 _build/nrfx_twim.o
 .text.SPIM0_SPIS0_TWIM0_TWIS0_SPI0_TWI0_IRQHandler
                0x000000000002a180      0x158 _build/nrfx_twim.o
                0x000000000002a180                SPIM0_SPIS0_TWIM0_TWIS0_SPI0_TWI0_IRQHandler
 .text.nrfx_twim_init
                0x000000000002a2d8      0x16c _build/nrfx_twim.o
                0x000000000002a2d8                nrfx_twim_init
 .text.nrfx_twim_enable
                0x000000000002a444       0x40 _build/nrfx_twim.o
                0x000000000002a444                nrfx_twim_enable
 .text.nrfx_twim_disable
                0x000000000002a484       0x54 _build/nrfx_twim.o
                0x000000000002a484                nrfx_twim_disable
 .text.nrfx_twim_uninit
                0x000000000002a4d8       0xb8 _build/nrfx_twim.o
                0x000000000002a4d8                nrfx_twim_uninit
 .text.nrfx_twim_xfer
                0x000000000002a590      0x304 _build/nrfx_twim.o
                0x000000000002a590                nrfx_twim_xfer
 .text.nrf_uart_event_clear
                0x000000000002a894       0x10 _build/nrfx_uart.o
 .text.tx_byte  0x000000000002a8a4       0x1e _build/nrfx_uart.o
 .text.rx_enable.isra.1
                0x000000000002a8c2       0x20 _build/nrfx_uart.o
 .text.rx_byte  0x000000000002a8e2       0x2c _build/nrfx_uart.o
 *fill*         0x000000000002a90e        0x2 
 .text.nrf_gpio_pin_port_decode.isra.3.part.4
                0x000000000002a910       0x10 _build/nrfx_uart.o
 .text.rx_done_event.constprop.9
                0x000000000002a920       0x20 _build/nrfx_uart.o
 .text.nrfx_uart_0_irq_handler
                0x000000000002a940      0x140 _build/nrfx_uart.o
                0x000000000002a940                nrfx_uart_0_irq_handler
 .text.nrfx_uart_init
                0x000000000002aa80      0x208 _build/nrfx_uart.o
                0x000000000002aa80                nrfx_uart_init
 .text.nrfx_uart_tx
                0x000000000002ac88       0xe0 _build/nrfx_uart.o
                0x000000000002ac88                nrfx_uart_tx
 .text.nrfx_uart_rx
                0x000000000002ad68      0x12c _build/nrfx_uart.o
                0x000000000002ad68                nrfx_uart_rx
 .text.nrfx_uart_rx_enable
                0x000000000002ae94       0x2c _build/nrfx_uart.o
                0x000000000002ae94                nrfx_uart_rx_enable
 .text.nrf_uarte_event_clear
                0x000000000002aec0       0x10 _build/nrfx_uarte.o
 .text.nrf_gpio_pin_port_decode.isra.1.part.2
                0x000000000002aed0       0x10 _build/nrfx_uarte.o
 .text.rx_done_event.constprop.8
                0x000000000002aee0       0x20 _build/nrfx_uarte.o
 .text.nrfx_uarte_0_irq_handler
                0x000000000002af00       0xe8 _build/nrfx_uarte.o
                0x000000000002af00                nrfx_uarte_0_irq_handler
 .text.nrfx_uarte_init
                0x000000000002afe8      0x218 _build/nrfx_uarte.o
                0x000000000002afe8                nrfx_uarte_init
 .text.nrfx_uarte_tx
                0x000000000002b200       0xe8 _build/nrfx_uarte.o
                0x000000000002b200                nrfx_uarte_tx
 .text.nrfx_uarte_rx
                0x000000000002b2e8      0x130 _build/nrfx_uarte.o
                0x000000000002b2e8                nrfx_uarte_rx
 .text.sd_ble_gap_addr_get
                0x000000000002b418        0x4 _build/ble_advdata.o
 .text.sd_ble_gap_appearance_get
                0x000000000002b41c        0x4 _build/ble_advdata.o
 .text.sd_ble_gap_device_name_get
                0x000000000002b420        0x4 _build/ble_advdata.o
 .text.sd_ble_uuid_encode
                0x000000000002b424        0x4 _build/ble_advdata.o
 .text.uuid_list_sized_encode
                0x000000000002b428       0xa4 _build/ble_advdata.o
 .text.uuid_list_encode
                0x000000000002b4cc       0x34 _build/ble_advdata.o
 .text.ble_advdata_encode
                0x000000000002b500      0x392 _build/ble_advdata.o
                0x000000000002b500                ble_advdata_encode
 .text.ble_advdata_search
                0x000000000002b892       0x38 _build/ble_advdata.o
                0x000000000002b892                ble_advdata_search
 .text.ble_advdata_parse
                0x000000000002b8ca       0x20 _build/ble_advdata.o
                0x000000000002b8ca                ble_advdata_parse
 .text.sd_ble_gap_adv_set_configure
                0x000000000002b8ea        0x4 _build/ble_advertising.o
 .text.sd_ble_gap_adv_start
                0x000000000002b8ee        0x4 _build/ble_advertising.o
 .text.flags_set
                0x000000000002b8f2       0x2c _build/ble_advertising.o
 .text.ble_advertising_conn_cfg_tag_set
                0x000000000002b91e        0x6 _build/ble_advertising.o
                0x000000000002b91e                ble_advertising_conn_cfg_tag_set
 .text.ble_advertising_init
                0x000000000002b924       0xfe _build/ble_advertising.o
                0x000000000002b924                ble_advertising_init
 .text.ble_advertising_start
                0x000000000002ba22      0x21c _build/ble_advertising.o
                0x000000000002ba22                ble_advertising_start
 .text.ble_advertising_on_ble_evt
                0x000000000002bc3e       0x6a _build/ble_advertising.o
                0x000000000002bc3e                ble_advertising_on_ble_evt
 .text.ble_advertising_on_sys_evt
                0x000000000002bca8        0x2 _build/ble_advertising.o
                0x000000000002bca8                ble_advertising_on_sys_evt
 .text.sd_ble_gap_conn_param_update
                0x000000000002bcaa        0x4 _build/ble_conn_params.o
 .text.sd_ble_gap_disconnect
                0x000000000002bcae        0x4 _build/ble_conn_params.o
 .text.sd_ble_gap_ppcp_set
                0x000000000002bcb2        0x4 _build/ble_conn_params.o
 .text.sd_ble_gap_ppcp_get
                0x000000000002bcb6        0x4 _build/ble_conn_params.o
 *fill*         0x000000000002bcba        0x2 
 .text.instance_get
                0x000000000002bcbc       0x14 _build/ble_conn_params.o
 .text.send_error_evt
                0x000000000002bcd0       0x10 _build/ble_conn_params.o
 .text.update_timeout_handler
                0x000000000002bce0       0x6c _build/ble_conn_params.o
 .text.conn_params_negotiation
                0x000000000002bd4c       0x48 _build/ble_conn_params.o
 .text.is_conn_params_ok.constprop.3
                0x000000000002bd94       0x3a _build/ble_conn_params.o
 *fill*         0x000000000002bdce        0x2 
 .text.ble_evt_handler
                0x000000000002bdd0       0xe0 _build/ble_conn_params.o
 .text.ble_conn_params_init
                0x000000000002beb0       0x74 _build/ble_conn_params.o
                0x000000000002beb0                ble_conn_params_init
 .text.ble_srv_is_notification_enabled
                0x000000000002bf24        0x8 _build/ble_srv_common.o
                0x000000000002bf24                ble_srv_is_notification_enabled
 .text.sd_ble_gap_data_length_update
                0x000000000002bf2c        0x4 _build/nrf_ble_gatt.o
 .text.sd_ble_gattc_exchange_mtu_request
                0x000000000002bf30        0x4 _build/nrf_ble_gatt.o
 .text.sd_ble_gatts_exchange_mtu_reply
                0x000000000002bf34        0x4 _build/nrf_ble_gatt.o
 .text.data_length_update
                0x000000000002bf38       0x7c _build/nrf_ble_gatt.o
 .text.nrf_ble_gatt_init
                0x000000000002bfb4       0x2a _build/nrf_ble_gatt.o
                0x000000000002bfb4                nrf_ble_gatt_init
 *fill*         0x000000000002bfde        0x2 
 .text.nrf_ble_gatt_on_ble_evt
                0x000000000002bfe0      0x1b0 _build/nrf_ble_gatt.o
                0x000000000002bfe0                nrf_ble_gatt_on_ble_evt
 .text.sd_ble_gatts_rw_authorize_reply
                0x000000000002c190        0x4 _build/nrf_ble_qwr.o
 .text.sd_ble_user_mem_reply
                0x000000000002c194        0x4 _build/nrf_ble_qwr.o
 .text.user_mem_reply.part.0
                0x000000000002c198       0x24 _build/nrf_ble_qwr.o
 .text.nrf_ble_qwr_init
                0x000000000002c1bc       0x24 _build/nrf_ble_qwr.o
                0x000000000002c1bc                nrf_ble_qwr_init
 .text.nrf_ble_qwr_conn_handle_assign
                0x000000000002c1e0       0x16 _build/nrf_ble_qwr.o
                0x000000000002c1e0                nrf_ble_qwr_conn_handle_assign
 .text.nrf_ble_qwr_on_ble_evt
                0x000000000002c1f6       0xa0 _build/nrf_ble_qwr.o
                0x000000000002c1f6                nrf_ble_qwr_on_ble_evt
 .text.sd_softdevice_enable
                0x000000000002c296        0x4 _build/nrf_sdh.o
 *fill*         0x000000000002c29a        0x2 
 .text.sdh_request_observer_notify
                0x000000000002c29c       0x30 _build/nrf_sdh.o
 .text.sdh_state_observer_notify
                0x000000000002c2cc       0x28 _build/nrf_sdh.o
 .text.softdevices_evt_irq_enable
                0x000000000002c2f4       0x40 _build/nrf_sdh.o
 .text.nrf_sdh_enable_request
                0x000000000002c334       0x78 _build/nrf_sdh.o
                0x000000000002c334                nrf_sdh_enable_request
 .text.nrf_sdh_is_enabled
                0x000000000002c3ac        0xc _build/nrf_sdh.o
                0x000000000002c3ac                nrf_sdh_is_enabled
 .text.nrf_sdh_evts_poll
                0x000000000002c3b8       0x28 _build/nrf_sdh.o
                0x000000000002c3b8                nrf_sdh_evts_poll
 .text.SWI2_EGU2_IRQHandler
                0x000000000002c3e0        0x4 _build/nrf_sdh.o
                0x000000000002c3e0                SWI2_EGU2_IRQHandler
 .text.sd_ble_enable
                0x000000000002c3e4        0x4 _build/nrf_sdh_ble.o
 .text.sd_ble_cfg_set
                0x000000000002c3e8        0x4 _build/nrf_sdh_ble.o
 .text.sd_ble_evt_get
                0x000000000002c3ec        0x4 _build/nrf_sdh_ble.o
 .text.nrf_sdh_ble_evts_poll.part.0
                0x000000000002c3f0       0x58 _build/nrf_sdh_ble.o
 .text.nrf_sdh_ble_evts_poll
                0x000000000002c448       0x10 _build/nrf_sdh_ble.o
 .text.nrf_sdh_ble_default_cfg_set
                0x000000000002c458      0x1a4 _build/nrf_sdh_ble.o
                0x000000000002c458                nrf_sdh_ble_default_cfg_set
 .text.nrf_sdh_ble_enable
                0x000000000002c5fc       0x94 _build/nrf_sdh_ble.o
                0x000000000002c5fc                nrf_sdh_ble_enable
 .text.sd_ble_gap_addr_set
                0x000000000002c690        0x4 _build/simple_ble.o
 .text.sd_ble_gap_adv_set_configure
                0x000000000002c694        0x4 _build/simple_ble.o
 .text.sd_ble_gap_adv_stop
                0x000000000002c698        0x4 _build/simple_ble.o
 .text.sd_ble_gap_disconnect
                0x000000000002c69c        0x4 _build/simple_ble.o
 .text.sd_ble_gap_appearance_set
                0x000000000002c6a0        0x4 _build/simple_ble.o
 .text.sd_ble_gap_ppcp_set
                0x000000000002c6a4        0x4 _build/simple_ble.o
 .text.sd_ble_gap_device_name_set
                0x000000000002c6a8        0x4 _build/simple_ble.o
 .text.sd_ble_gap_sec_params_reply
                0x000000000002c6ac        0x4 _build/simple_ble.o
 .text.sd_ble_gap_sec_info_reply
                0x000000000002c6b0        0x4 _build/simple_ble.o
 .text.sd_ble_gap_scan_start
                0x000000000002c6b4        0x4 _build/simple_ble.o
 .text.sd_ble_gap_phy_update
                0x000000000002c6b8        0x4 _build/simple_ble.o
 .text.sd_ble_gatts_service_add
                0x000000000002c6bc        0x4 _build/simple_ble.o
 .text.sd_ble_gatts_characteristic_add
                0x000000000002c6c0        0x4 _build/simple_ble.o
 .text.sd_ble_gatts_sys_attr_set
                0x000000000002c6c4        0x4 _build/simple_ble.o
 .text.sd_ble_uuid_vs_add
                0x000000000002c6c8        0x4 _build/simple_ble.o
 .text.sd_power_system_off
                0x000000000002c6cc        0x4 _build/simple_ble.o
 .text.on_adv_evt
                0x000000000002c6d0        0x2 _build/simple_ble.o
 *fill*         0x000000000002c6d2        0x2 
 .text.on_ble_evt
                0x000000000002c6d4      0x1d0 _build/simple_ble.o
 .text.conn_params_error_handler
                0x000000000002c8a4       0x10 _build/simple_ble.o
 .text.on_conn_params_evt
                0x000000000002c8b4       0x24 _build/simple_ble.o
 .text.qwr_error_handler
                0x000000000002c8d8       0x10 _build/simple_ble.o
 .text.assert_nrf_callback
                0x000000000002c8e8       0x20 _build/simple_ble.o
                0x000000000002c8e8                assert_nrf_callback
 .text.ble_address_set
                0x000000000002c908       0x78 _build/simple_ble.o
                0x000000000002c908                ble_address_set
 .text.ble_stack_init
                0x000000000002c980       0x4c _build/simple_ble.o
                0x000000000002c980                ble_stack_init
 .text.gap_params_init
                0x000000000002c9cc       0x90 _build/simple_ble.o
                0x000000000002c9cc                gap_params_init
 .text.advertising_init
                0x000000000002ca5c       0x70 _build/simple_ble.o
                0x000000000002ca5c                advertising_init
 .text.conn_params_init
                0x000000000002cacc       0x5c _build/simple_ble.o
                0x000000000002cacc                conn_params_init
 .text.services_init
                0x000000000002cb28       0x30 _build/simple_ble.o
                0x000000000002cb28                services_init
 .text.initialize_app_timer
                0x000000000002cb58       0x18 _build/simple_ble.o
                0x000000000002cb58                initialize_app_timer
 .text.advertising_start
                0x000000000002cb70       0x24 _build/simple_ble.o
                0x000000000002cb70                advertising_start
 .text.advertising_stop
                0x000000000002cb94       0x28 _build/simple_ble.o
                0x000000000002cb94                advertising_stop
 .text.simple_ble_init
                0x000000000002cbbc       0x90 _build/simple_ble.o
                0x000000000002cbbc                simple_ble_init
 .text.simple_ble_add_service
                0x000000000002cc4c       0x48 _build/simple_ble.o
                0x000000000002cc4c                simple_ble_add_service
 .text.simple_ble_add_characteristic
                0x000000000002cc94      0x10c _build/simple_ble.o
                0x000000000002cc94                simple_ble_add_characteristic
 .text.simple_ble_adv_only_name
                0x000000000002cda0       0x74 _build/simple_ble.o
                0x000000000002cda0                simple_ble_adv_only_name
 .text.errata_12
                0x000000000002ce14       0x40 _build/system_nrf52.o
 .text.errata_16
                0x000000000002ce54       0x34 _build/system_nrf52.o
 .text.SystemInit
                0x000000000002ce88      0x25c _build/system_nrf52.o
                0x000000000002ce88                SystemInit
 .text          0x000000000002d0e4       0x3c _build/gcc_startup_nrf52.os
                0x000000000002d0e4                Reset_Handler
                0x000000000002d10c                NMI_Handler
                0x000000000002d110                MemoryManagement_Handler
                0x000000000002d112                BusFault_Handler
                0x000000000002d114                UsageFault_Handler
                0x000000000002d116                SVC_Handler
                0x000000000002d118                DebugMon_Handler
                0x000000000002d11a                PendSV_Handler
                0x000000000002d11c                SysTick_Handler
                0x000000000002d11e                TIMER2_IRQHandler
                0x000000000002d11e                RTC0_IRQHandler
                0x000000000002d11e                RADIO_IRQHandler
                0x000000000002d11e                PDM_IRQHandler
                0x000000000002d11e                TEMP_IRQHandler
                0x000000000002d11e                QDEC_IRQHandler
                0x000000000002d11e                TIMER3_IRQHandler
                0x000000000002d11e                FPU_IRQHandler
                0x000000000002d11e                TIMER4_IRQHandler
                0x000000000002d11e                I2S_IRQHandler
                0x000000000002d11e                SWI4_EGU4_IRQHandler
                0x000000000002d11e                ECB_IRQHandler
                0x000000000002d11e                Default_Handler
                0x000000000002d11e                CCM_AAR_IRQHandler
                0x000000000002d11e                WDT_IRQHandler
                0x000000000002d11e                SWI5_EGU5_IRQHandler
                0x000000000002d11e                RNG_IRQHandler
                0x000000000002d11e                RTC2_IRQHandler
                0x000000000002d11e                SWI3_EGU3_IRQHandler
                0x000000000002d11e                SWI1_EGU1_IRQHandler
                0x000000000002d11e                SPIM2_SPIS2_SPI2_IRQHandler
                0x000000000002d11e                NFCT_IRQHandler
                0x000000000002d11e                MWU_IRQHandler
                0x000000000002d11e                COMP_LPCOMP_IRQHandler
 .text.exit     0x000000000002d120       0x20 /usr/bin/../lib/gcc/arm-none-eabi/7.3.1/../../../../arm-none-eabi/lib/thumb/v7e-m/fpv4-sp/hard/libc.a(lib_a-exit.o)
                0x000000000002d120                exit
 .text.__libc_init_array
                0x000000000002d140       0x48 /usr/bin/../lib/gcc/arm-none-eabi/7.3.1/../../../../arm-none-eabi/lib/thumb/v7e-m/fpv4-sp/hard/libc.a(lib_a-init.o)
                0x000000000002d140                __libc_init_array
 .text.__locale_mb_cur_max
                0x000000000002d188       0x1c /usr/bin/../lib/gcc/arm-none-eabi/7.3.1/../../../../arm-none-eabi/lib/thumb/v7e-m/fpv4-sp/hard/libc.a(lib_a-locale.o)
                0x000000000002d188                __locale_mb_cur_max
 .text.__locale_ctype_ptr
                0x000000000002d1a4       0x1c /usr/bin/../lib/gcc/arm-none-eabi/7.3.1/../../../../arm-none-eabi/lib/thumb/v7e-m/fpv4-sp/hard/libc.a(lib_a-locale.o)
                0x000000000002d1a4                __locale_ctype_ptr
 .text.__ascii_mbtowc
                0x000000000002d1c0       0x2c /usr/bin/../lib/gcc/arm-none-eabi/7.3.1/../../../../arm-none-eabi/lib/thumb/v7e-m/fpv4-sp/hard/libc.a(lib_a-mbtowc_r.o)
                0x000000000002d1c0                __ascii_mbtowc
 .text.memcmp   0x000000000002d1ec       0x64 /usr/bin/../lib/gcc/arm-none-eabi/7.3.1/../../../../arm-none-eabi/lib/thumb/v7e-m/fpv4-sp/hard/libc.a(lib_a-memcmp.o)
                0x000000000002d1ec                memcmp
 .text          0x000000000002d250      0x134 /usr/bin/../lib/gcc/arm-none-eabi/7.3.1/../../../../arm-none-eabi/lib/thumb/v7e-m/fpv4-sp/hard/libc.a(lib_a-memcpy.o)
                0x000000000002d250                memcpy
 .text.memset   0x000000000002d384       0x94 /usr/bin/../lib/gcc/arm-none-eabi/7.3.1/../../../../arm-none-eabi/lib/thumb/v7e-m/fpv4-sp/hard/libc.a(lib_a-memset.o)
                0x000000000002d384                memset
 .text.printf   0x000000000002d418       0x28 /usr/bin/../lib/gcc/arm-none-eabi/7.3.1/../../../../arm-none-eabi/lib/thumb/v7e-m/fpv4-sp/hard/libc.a(lib_a-printf.o)
                0x000000000002d418                printf
 .text.setbuf   0x000000000002d440       0x10 /usr/bin/../lib/gcc/arm-none-eabi/7.3.1/../../../../arm-none-eabi/lib/thumb/v7e-m/fpv4-sp/hard/libc.a(lib_a-setbuf.o)
                0x000000000002d440                setbuf
 .text.setvbuf  0x000000000002d450      0x180 /usr/bin/../lib/gcc/arm-none-eabi/7.3.1/../../../../arm-none-eabi/lib/thumb/v7e-m/fpv4-sp/hard/libc.a(lib_a-setvbuf.o)
                0x000000000002d450                setvbuf
 .text.strcpy   0x000000000002d5d0       0xbc /usr/bin/../lib/gcc/arm-none-eabi/7.3.1/../../../../arm-none-eabi/lib/thumb/v7e-m/fpv4-sp/hard/libc.a(lib_a-strcpy.o)
                0x000000000002d5d0                strcpy
 *fill*         0x000000000002d68c       0x34 
 .text          0x000000000002d6c0       0xdc /usr/bin/../lib/gcc/arm-none-eabi/7.3.1/../../../../arm-none-eabi/lib/thumb/v7e-m/fpv4-sp/hard/libc.a(lib_a-strlen.o)
                0x000000000002d6c0                strlen
 *fill*         0x000000000002d79c        0x4 
 .text._vfprintf_r
                0x000000000002d7a0     0x1a7c /usr/bin/../lib/gcc/arm-none-eabi/7.3.1/../../../../arm-none-eabi/lib/thumb/v7e-m/fpv4-sp/hard/libc.a(lib_a-vfprintf.o)
                0x000000000002d7a0                _vfprintf_r
 .text.__sbprintf
                0x000000000002f21c       0x84 /usr/bin/../lib/gcc/arm-none-eabi/7.3.1/../../../../arm-none-eabi/lib/thumb/v7e-m/fpv4-sp/hard/libc.a(lib_a-vfprintf.o)
 .text.__ascii_wctomb
                0x000000000002f2a0       0x1c /usr/bin/../lib/gcc/arm-none-eabi/7.3.1/../../../../arm-none-eabi/lib/thumb/v7e-m/fpv4-sp/hard/libc.a(lib_a-wctomb_r.o)
                0x000000000002f2a0                __ascii_wctomb
 .text.__swsetup_r
                0x000000000002f2bc       0xcc /usr/bin/../lib/gcc/arm-none-eabi/7.3.1/../../../../arm-none-eabi/lib/thumb/v7e-m/fpv4-sp/hard/libc.a(lib_a-wsetup.o)
                0x000000000002f2bc                __swsetup_r
 .text.startup.register_fini
                0x000000000002f388       0x14 /usr/bin/../lib/gcc/arm-none-eabi/7.3.1/../../../../arm-none-eabi/lib/thumb/v7e-m/fpv4-sp/hard/libc.a(lib_a-__call_atexit.o)
 .text.__call_exitprocs
                0x000000000002f39c       0xe8 /usr/bin/../lib/gcc/arm-none-eabi/7.3.1/../../../../arm-none-eabi/lib/thumb/v7e-m/fpv4-sp/hard/libc.a(lib_a-__call_atexit.o)
                0x000000000002f39c                __call_exitprocs
 .text.atexit   0x000000000002f484        0xc /usr/bin/../lib/gcc/arm-none-eabi/7.3.1/../../../../arm-none-eabi/lib/thumb/v7e-m/fpv4-sp/hard/libc.a(lib_a-atexit.o)
                0x000000000002f484                atexit
 .text.quorem   0x000000000002f490      0x124 /usr/bin/../lib/gcc/arm-none-eabi/7.3.1/../../../../arm-none-eabi/lib/thumb/v7e-m/fpv4-sp/hard/libc.a(lib_a-dtoa.o)
 *fill*         0x000000000002f5b4        0x4 
 .text._dtoa_r  0x000000000002f5b8      0xe20 /usr/bin/../lib/gcc/arm-none-eabi/7.3.1/../../../../arm-none-eabi/lib/thumb/v7e-m/fpv4-sp/hard/libc.a(lib_a-dtoa.o)
                0x000000000002f5b8                _dtoa_r
 .text.__sflush_r
                0x00000000000303d8      0x154 /usr/bin/../lib/gcc/arm-none-eabi/7.3.1/../../../../arm-none-eabi/lib/thumb/v7e-m/fpv4-sp/hard/libc.a(lib_a-fflush.o)
                0x00000000000303d8                __sflush_r
 .text._fflush_r
                0x000000000003052c       0x5c /usr/bin/../lib/gcc/arm-none-eabi/7.3.1/../../../../arm-none-eabi/lib/thumb/v7e-m/fpv4-sp/hard/libc.a(lib_a-fflush.o)
                0x000000000003052c                _fflush_r
 .text.std      0x0000000000030588       0x50 /usr/bin/../lib/gcc/arm-none-eabi/7.3.1/../../../../arm-none-eabi/lib/thumb/v7e-m/fpv4-sp/hard/libc.a(lib_a-findfp.o)
 .text._cleanup_r
                0x00000000000305d8        0xc /usr/bin/../lib/gcc/arm-none-eabi/7.3.1/../../../../arm-none-eabi/lib/thumb/v7e-m/fpv4-sp/hard/libc.a(lib_a-findfp.o)
                0x00000000000305d8                _cleanup_r
 .text.__sinit  0x00000000000305e4       0x58 /usr/bin/../lib/gcc/arm-none-eabi/7.3.1/../../../../arm-none-eabi/lib/thumb/v7e-m/fpv4-sp/hard/libc.a(lib_a-findfp.o)
                0x00000000000305e4                __sinit
 .text.__sfp_lock_acquire
                0x000000000003063c        0xc /usr/bin/../lib/gcc/arm-none-eabi/7.3.1/../../../../arm-none-eabi/lib/thumb/v7e-m/fpv4-sp/hard/libc.a(lib_a-findfp.o)
                0x000000000003063c                __sfp_lock_acquire
 .text.__sfp_lock_release
                0x0000000000030648        0xc /usr/bin/../lib/gcc/arm-none-eabi/7.3.1/../../../../arm-none-eabi/lib/thumb/v7e-m/fpv4-sp/hard/libc.a(lib_a-findfp.o)
                0x0000000000030648                __sfp_lock_release
 .text.__libc_fini_array
                0x0000000000030654       0x34 /usr/bin/../lib/gcc/arm-none-eabi/7.3.1/../../../../arm-none-eabi/lib/thumb/v7e-m/fpv4-sp/hard/libc.a(lib_a-fini.o)
                0x0000000000030654                __libc_fini_array
 .text._malloc_trim_r
                0x0000000000030688       0xa0 /usr/bin/../lib/gcc/arm-none-eabi/7.3.1/../../../../arm-none-eabi/lib/thumb/v7e-m/fpv4-sp/hard/libc.a(lib_a-freer.o)
                0x0000000000030688                _malloc_trim_r
 .text._free_r  0x0000000000030728      0x1e8 /usr/bin/../lib/gcc/arm-none-eabi/7.3.1/../../../../arm-none-eabi/lib/thumb/v7e-m/fpv4-sp/hard/libc.a(lib_a-freer.o)
                0x0000000000030728                _free_r
 .text._fwalk_reent
                0x0000000000030910       0x54 /usr/bin/../lib/gcc/arm-none-eabi/7.3.1/../../../../arm-none-eabi/lib/thumb/v7e-m/fpv4-sp/hard/libc.a(lib_a-fwalk.o)
                0x0000000000030910                _fwalk_reent
 .text._localeconv_r
                0x0000000000030964       0x1c /usr/bin/../lib/gcc/arm-none-eabi/7.3.1/../../../../arm-none-eabi/lib/thumb/v7e-m/fpv4-sp/hard/libc.a(lib_a-localeconv.o)
                0x0000000000030964                _localeconv_r
 .text.__retarget_lock_init_recursive
                0x0000000000030980        0x4 /usr/bin/../lib/gcc/arm-none-eabi/7.3.1/../../../../arm-none-eabi/lib/thumb/v7e-m/fpv4-sp/hard/libc.a(lib_a-lock.o)
                0x0000000000030980                __retarget_lock_init_recursive
 .text.__retarget_lock_close_recursive
                0x0000000000030984        0x4 /usr/bin/../lib/gcc/arm-none-eabi/7.3.1/../../../../arm-none-eabi/lib/thumb/v7e-m/fpv4-sp/hard/libc.a(lib_a-lock.o)
                0x0000000000030984                __retarget_lock_close_recursive
 .text.__retarget_lock_acquire_recursive
                0x0000000000030988        0x4 /usr/bin/../lib/gcc/arm-none-eabi/7.3.1/../../../../arm-none-eabi/lib/thumb/v7e-m/fpv4-sp/hard/libc.a(lib_a-lock.o)
                0x0000000000030988                __retarget_lock_acquire_recursive
 .text.__retarget_lock_release_recursive
                0x000000000003098c        0x4 /usr/bin/../lib/gcc/arm-none-eabi/7.3.1/../../../../arm-none-eabi/lib/thumb/v7e-m/fpv4-sp/hard/libc.a(lib_a-lock.o)
                0x000000000003098c                __retarget_lock_release_recursive
 .text.__swhatbuf_r
                0x0000000000030990       0x5c /usr/bin/../lib/gcc/arm-none-eabi/7.3.1/../../../../arm-none-eabi/lib/thumb/v7e-m/fpv4-sp/hard/libc.a(lib_a-makebuf.o)
                0x0000000000030990                __swhatbuf_r
 .text.__smakebuf_r
                0x00000000000309ec       0x94 /usr/bin/../lib/gcc/arm-none-eabi/7.3.1/../../../../arm-none-eabi/lib/thumb/v7e-m/fpv4-sp/hard/libc.a(lib_a-makebuf.o)
                0x00000000000309ec                __smakebuf_r
 .text.malloc   0x0000000000030a80       0x10 /usr/bin/../lib/gcc/arm-none-eabi/7.3.1/../../../../arm-none-eabi/lib/thumb/v7e-m/fpv4-sp/hard/libc.a(lib_a-malloc.o)
                0x0000000000030a80                malloc
 .text.free     0x0000000000030a90       0x10 /usr/bin/../lib/gcc/arm-none-eabi/7.3.1/../../../../arm-none-eabi/lib/thumb/v7e-m/fpv4-sp/hard/libc.a(lib_a-malloc.o)
                0x0000000000030a90                free
 .text._malloc_r
                0x0000000000030aa0      0x548 /usr/bin/../lib/gcc/arm-none-eabi/7.3.1/../../../../arm-none-eabi/lib/thumb/v7e-m/fpv4-sp/hard/libc.a(lib_a-mallocr.o)
                0x0000000000030aa0                _malloc_r
 *fill*         0x0000000000030fe8        0x8 
 .text          0x0000000000030ff0       0xa0 /usr/bin/../lib/gcc/arm-none-eabi/7.3.1/../../../../arm-none-eabi/lib/thumb/v7e-m/fpv4-sp/hard/libc.a(lib_a-memchr.o)
                0x0000000000030ff0                memchr
 .text.__malloc_lock
                0x0000000000031090        0xc /usr/bin/../lib/gcc/arm-none-eabi/7.3.1/../../../../arm-none-eabi/lib/thumb/v7e-m/fpv4-sp/hard/libc.a(lib_a-mlock.o)
                0x0000000000031090                __malloc_lock
 .text.__malloc_unlock
                0x000000000003109c        0xc /usr/bin/../lib/gcc/arm-none-eabi/7.3.1/../../../../arm-none-eabi/lib/thumb/v7e-m/fpv4-sp/hard/libc.a(lib_a-mlock.o)
                0x000000000003109c                __malloc_unlock
 .text._Balloc  0x00000000000310a8       0x4c /usr/bin/../lib/gcc/arm-none-eabi/7.3.1/../../../../arm-none-eabi/lib/thumb/v7e-m/fpv4-sp/hard/libc.a(lib_a-mprec.o)
                0x00000000000310a8                _Balloc
 .text._Bfree   0x00000000000310f4       0x14 /usr/bin/../lib/gcc/arm-none-eabi/7.3.1/../../../../arm-none-eabi/lib/thumb/v7e-m/fpv4-sp/hard/libc.a(lib_a-mprec.o)
                0x00000000000310f4                _Bfree
 .text.__multadd
                0x0000000000031108       0x80 /usr/bin/../lib/gcc/arm-none-eabi/7.3.1/../../../../arm-none-eabi/lib/thumb/v7e-m/fpv4-sp/hard/libc.a(lib_a-mprec.o)
                0x0000000000031108                __multadd
 .text.__hi0bits
                0x0000000000031188       0x40 /usr/bin/../lib/gcc/arm-none-eabi/7.3.1/../../../../arm-none-eabi/lib/thumb/v7e-m/fpv4-sp/hard/libc.a(lib_a-mprec.o)
                0x0000000000031188                __hi0bits
 .text.__lo0bits
                0x00000000000311c8       0x60 /usr/bin/../lib/gcc/arm-none-eabi/7.3.1/../../../../arm-none-eabi/lib/thumb/v7e-m/fpv4-sp/hard/libc.a(lib_a-mprec.o)
                0x00000000000311c8                __lo0bits
 .text.__i2b    0x0000000000031228       0x14 /usr/bin/../lib/gcc/arm-none-eabi/7.3.1/../../../../arm-none-eabi/lib/thumb/v7e-m/fpv4-sp/hard/libc.a(lib_a-mprec.o)
                0x0000000000031228                __i2b
 .text.__multiply
                0x000000000003123c      0x14c /usr/bin/../lib/gcc/arm-none-eabi/7.3.1/../../../../arm-none-eabi/lib/thumb/v7e-m/fpv4-sp/hard/libc.a(lib_a-mprec.o)
                0x000000000003123c                __multiply
 .text.__pow5mult
                0x0000000000031388       0xa0 /usr/bin/../lib/gcc/arm-none-eabi/7.3.1/../../../../arm-none-eabi/lib/thumb/v7e-m/fpv4-sp/hard/libc.a(lib_a-mprec.o)
                0x0000000000031388                __pow5mult
 .text.__lshift
                0x0000000000031428       0xac /usr/bin/../lib/gcc/arm-none-eabi/7.3.1/../../../../arm-none-eabi/lib/thumb/v7e-m/fpv4-sp/hard/libc.a(lib_a-mprec.o)
                0x0000000000031428                __lshift
 .text.__mcmp   0x00000000000314d4       0x38 /usr/bin/../lib/gcc/arm-none-eabi/7.3.1/../../../../arm-none-eabi/lib/thumb/v7e-m/fpv4-sp/hard/libc.a(lib_a-mprec.o)
                0x00000000000314d4                __mcmp
 .text.__mdiff  0x000000000003150c       0xec /usr/bin/../lib/gcc/arm-none-eabi/7.3.1/../../../../arm-none-eabi/lib/thumb/v7e-m/fpv4-sp/hard/libc.a(lib_a-mprec.o)
                0x000000000003150c                __mdiff
 .text.__d2b    0x00000000000315f8       0xc4 /usr/bin/../lib/gcc/arm-none-eabi/7.3.1/../../../../arm-none-eabi/lib/thumb/v7e-m/fpv4-sp/hard/libc.a(lib_a-mprec.o)
                0x00000000000315f8                __d2b
 .text.frexp    0x00000000000316bc       0x68 /usr/bin/../lib/gcc/arm-none-eabi/7.3.1/../../../../arm-none-eabi/lib/thumb/v7e-m/fpv4-sp/hard/libc.a(lib_a-s_frexp.o)
                0x00000000000316bc                frexp
 .text._sbrk_r  0x0000000000031724       0x24 /usr/bin/../lib/gcc/arm-none-eabi/7.3.1/../../../../arm-none-eabi/lib/thumb/v7e-m/fpv4-sp/hard/libc.a(lib_a-sbrkr.o)
                0x0000000000031724                _sbrk_r
 .text.__sread  0x0000000000031748       0x24 /usr/bin/../lib/gcc/arm-none-eabi/7.3.1/../../../../arm-none-eabi/lib/thumb/v7e-m/fpv4-sp/hard/libc.a(lib_a-stdio.o)
                0x0000000000031748                __sread
 .text.__swrite
                0x000000000003176c       0x3c /usr/bin/../lib/gcc/arm-none-eabi/7.3.1/../../../../arm-none-eabi/lib/thumb/v7e-m/fpv4-sp/hard/libc.a(lib_a-stdio.o)
                0x000000000003176c                __swrite
 .text.__sseek  0x00000000000317a8       0x20 /usr/bin/../lib/gcc/arm-none-eabi/7.3.1/../../../../arm-none-eabi/lib/thumb/v7e-m/fpv4-sp/hard/libc.a(lib_a-stdio.o)
                0x00000000000317a8                __sseek
 .text.__sclose
                0x00000000000317c8        0x8 /usr/bin/../lib/gcc/arm-none-eabi/7.3.1/../../../../arm-none-eabi/lib/thumb/v7e-m/fpv4-sp/hard/libc.a(lib_a-stdio.o)
                0x00000000000317c8                __sclose
 .text.strncpy  0x00000000000317d0       0x64 /usr/bin/../lib/gcc/arm-none-eabi/7.3.1/../../../../arm-none-eabi/lib/thumb/v7e-m/fpv4-sp/hard/libc.a(lib_a-strncpy.o)
                0x00000000000317d0                strncpy
 .text.__sprint_r.part.0
                0x0000000000031834       0x78 /usr/bin/../lib/gcc/arm-none-eabi/7.3.1/../../../../arm-none-eabi/lib/thumb/v7e-m/fpv4-sp/hard/libc.a(lib_a-vfiprintf.o)
 .text.__sprint_r
                0x00000000000318ac       0x14 /usr/bin/../lib/gcc/arm-none-eabi/7.3.1/../../../../arm-none-eabi/lib/thumb/v7e-m/fpv4-sp/hard/libc.a(lib_a-vfiprintf.o)
                0x00000000000318ac                __sprint_r
 .text.__register_exitproc
                0x00000000000318c0       0xc0 /usr/bin/../lib/gcc/arm-none-eabi/7.3.1/../../../../arm-none-eabi/lib/thumb/v7e-m/fpv4-sp/hard/libc.a(lib_a-__atexit.o)
                0x00000000000318c0                __register_exitproc
 .text._calloc_r
                0x0000000000031980       0x68 /usr/bin/../lib/gcc/arm-none-eabi/7.3.1/../../../../arm-none-eabi/lib/thumb/v7e-m/fpv4-sp/hard/libc.a(lib_a-callocr.o)
                0x0000000000031980                _calloc_r
 .text._close_r
                0x00000000000319e8       0x24 /usr/bin/../lib/gcc/arm-none-eabi/7.3.1/../../../../arm-none-eabi/lib/thumb/v7e-m/fpv4-sp/hard/libc.a(lib_a-closer.o)
                0x00000000000319e8                _close_r
 .text._fclose_r
                0x0000000000031a0c       0xd0 /usr/bin/../lib/gcc/arm-none-eabi/7.3.1/../../../../arm-none-eabi/lib/thumb/v7e-m/fpv4-sp/hard/libc.a(lib_a-fclose.o)
                0x0000000000031a0c                _fclose_r
 .text.__fputwc
                0x0000000000031adc       0xa0 /usr/bin/../lib/gcc/arm-none-eabi/7.3.1/../../../../arm-none-eabi/lib/thumb/v7e-m/fpv4-sp/hard/libc.a(lib_a-fputwc.o)
                0x0000000000031adc                __fputwc
 .text._fputwc_r
                0x0000000000031b7c       0x64 /usr/bin/../lib/gcc/arm-none-eabi/7.3.1/../../../../arm-none-eabi/lib/thumb/v7e-m/fpv4-sp/hard/libc.a(lib_a-fputwc.o)
                0x0000000000031b7c                _fputwc_r
 .text._fstat_r
                0x0000000000031be0       0x28 /usr/bin/../lib/gcc/arm-none-eabi/7.3.1/../../../../arm-none-eabi/lib/thumb/v7e-m/fpv4-sp/hard/libc.a(lib_a-fstatr.o)
                0x0000000000031be0                _fstat_r
 .text.__sfvwrite_r
                0x0000000000031c08      0x2fc /usr/bin/../lib/gcc/arm-none-eabi/7.3.1/../../../../arm-none-eabi/lib/thumb/v7e-m/fpv4-sp/hard/libc.a(lib_a-fvwrite.o)
                0x0000000000031c08                __sfvwrite_r
 .text._isatty_r
                0x0000000000031f04       0x24 /usr/bin/../lib/gcc/arm-none-eabi/7.3.1/../../../../arm-none-eabi/lib/thumb/v7e-m/fpv4-sp/hard/libc.a(lib_a-isattyr.o)
                0x0000000000031f04                _isatty_r
 .text._lseek_r
                0x0000000000031f28       0x2c /usr/bin/../lib/gcc/arm-none-eabi/7.3.1/../../../../arm-none-eabi/lib/thumb/v7e-m/fpv4-sp/hard/libc.a(lib_a-lseekr.o)
                0x0000000000031f28                _lseek_r
 .text.memmove  0x0000000000031f54       0xc8 /usr/bin/../lib/gcc/arm-none-eabi/7.3.1/../../../../arm-none-eabi/lib/thumb/v7e-m/fpv4-sp/hard/libc.a(lib_a-memmove.o)
                0x0000000000031f54                memmove
 .text._read_r  0x000000000003201c       0x2c /usr/bin/../lib/gcc/arm-none-eabi/7.3.1/../../../../arm-none-eabi/lib/thumb/v7e-m/fpv4-sp/hard/libc.a(lib_a-readr.o)
                0x000000000003201c                _read_r
 .text._realloc_r
                0x0000000000032048      0x35c /usr/bin/../lib/gcc/arm-none-eabi/7.3.1/../../../../arm-none-eabi/lib/thumb/v7e-m/fpv4-sp/hard/libc.a(lib_a-reallocr.o)
                0x0000000000032048                _realloc_r
 .text.__swbuf_r
                0x00000000000323a4       0xb0 /usr/bin/../lib/gcc/arm-none-eabi/7.3.1/../../../../arm-none-eabi/lib/thumb/v7e-m/fpv4-sp/hard/libc.a(lib_a-wbuf.o)
                0x00000000000323a4                __swbuf_r
 .text._wcrtomb_r
                0x0000000000032454       0x50 /usr/bin/../lib/gcc/arm-none-eabi/7.3.1/../../../../arm-none-eabi/lib/thumb/v7e-m/fpv4-sp/hard/libc.a(lib_a-wcrtomb.o)
                0x0000000000032454                _wcrtomb_r
 .text._close   0x00000000000324a4       0x10 /usr/bin/../lib/gcc/arm-none-eabi/7.3.1/../../../../arm-none-eabi/lib/thumb/v7e-m/fpv4-sp/hard/libnosys.a(close.o)
                0x00000000000324a4                _close
 .text._fstat   0x00000000000324b4       0x10 /usr/bin/../lib/gcc/arm-none-eabi/7.3.1/../../../../arm-none-eabi/lib/thumb/v7e-m/fpv4-sp/hard/libnosys.a(fstat.o)
                0x00000000000324b4                _fstat
 .text._isatty  0x00000000000324c4       0x10 /usr/bin/../lib/gcc/arm-none-eabi/7.3.1/../../../../arm-none-eabi/lib/thumb/v7e-m/fpv4-sp/hard/libnosys.a(isatty.o)
                0x00000000000324c4                _isatty
 .text._lseek   0x00000000000324d4       0x10 /usr/bin/../lib/gcc/arm-none-eabi/7.3.1/../../../../arm-none-eabi/lib/thumb/v7e-m/fpv4-sp/hard/libnosys.a(lseek.o)
                0x00000000000324d4                _lseek
 .text._read    0x00000000000324e4       0x10 /usr/bin/../lib/gcc/arm-none-eabi/7.3.1/../../../../arm-none-eabi/lib/thumb/v7e-m/fpv4-sp/hard/libnosys.a(read.o)
                0x00000000000324e4                _read
 .text._sbrk    0x00000000000324f4       0x1c /usr/bin/../lib/gcc/arm-none-eabi/7.3.1/../../../../arm-none-eabi/lib/thumb/v7e-m/fpv4-sp/hard/libnosys.a(sbrk.o)
                0x00000000000324f4                _sbrk
 .text._exit    0x0000000000032510        0x4 /usr/bin/../lib/gcc/arm-none-eabi/7.3.1/../../../../arm-none-eabi/lib/thumb/v7e-m/fpv4-sp/hard/libnosys.a(_exit.o)
                0x0000000000032510                _exit
 .text          0x0000000000032514      0x378 /usr/bin/../lib/gcc/arm-none-eabi/7.3.1/thumb/v7e-m/fpv4-sp/hard/libgcc.a(_arm_addsubdf3.o)
                0x0000000000032514                __aeabi_drsub
                0x000000000003251c                __aeabi_dsub
                0x000000000003251c                __subdf3
                0x0000000000032520                __adddf3
                0x0000000000032520                __aeabi_dadd
                0x0000000000032798                __aeabi_ui2d
                0x0000000000032798                __floatunsidf
                0x00000000000327b8                __floatsidf
                0x00000000000327b8                __aeabi_i2d
                0x00000000000327dc                __extendsfdf2
                0x00000000000327dc                __aeabi_f2d
                0x0000000000032820                __aeabi_ul2d
                0x0000000000032820                __floatundidf
                0x0000000000032830                __floatdidf
                0x0000000000032830                __aeabi_l2d
 .text          0x000000000003288c      0x424 /usr/bin/../lib/gcc/arm-none-eabi/7.3.1/thumb/v7e-m/fpv4-sp/hard/libgcc.a(_arm_muldivdf3.o)
                0x000000000003288c                __aeabi_dmul
                0x000000000003288c                __muldf3
                0x0000000000032ae0                __aeabi_ddiv
                0x0000000000032ae0                __divdf3
 .text          0x0000000000032cb0      0x110 /usr/bin/../lib/gcc/arm-none-eabi/7.3.1/thumb/v7e-m/fpv4-sp/hard/libgcc.a(_arm_cmpdf2.o)
                0x0000000000032cb0                __gtdf2
                0x0000000000032cb0                __gedf2
                0x0000000000032cb8                __ltdf2
                0x0000000000032cb8                __ledf2
                0x0000000000032cc0                __cmpdf2
                0x0000000000032cc0                __eqdf2
                0x0000000000032cc0                __nedf2
                0x0000000000032d3c                __aeabi_cdrcmple
                0x0000000000032d4c                __aeabi_cdcmple
                0x0000000000032d4c                __aeabi_cdcmpeq
                0x0000000000032d5c                __aeabi_dcmpeq
                0x0000000000032d70                __aeabi_dcmplt
                0x0000000000032d84                __aeabi_dcmple
                0x0000000000032d98                __aeabi_dcmpge
                0x0000000000032dac                __aeabi_dcmpgt
 .text          0x0000000000032dc0       0x2c /usr/bin/../lib/gcc/arm-none-eabi/7.3.1/thumb/v7e-m/fpv4-sp/hard/libgcc.a(_arm_unorddf2.o)
                0x0000000000032dc0                __aeabi_dcmpun
                0x0000000000032dc0                __unorddf2
 .text          0x0000000000032dec       0x50 /usr/bin/../lib/gcc/arm-none-eabi/7.3.1/thumb/v7e-m/fpv4-sp/hard/libgcc.a(_arm_fixdfsi.o)
                0x0000000000032dec                __fixdfsi
                0x0000000000032dec                __aeabi_d2iz
 .text          0x0000000000032e3c       0x30 /usr/bin/../lib/gcc/arm-none-eabi/7.3.1/thumb/v7e-m/fpv4-sp/hard/libgcc.a(_aeabi_uldivmod.o)
                0x0000000000032e3c                __aeabi_uldivmod
 .text          0x0000000000032e6c      0x2cc /usr/bin/../lib/gcc/arm-none-eabi/7.3.1/thumb/v7e-m/fpv4-sp/hard/libgcc.a(_udivmoddi4.o)
                0x0000000000032e6c                __udivmoddi4
 .text          0x0000000000033138        0x4 /usr/bin/../lib/gcc/arm-none-eabi/7.3.1/thumb/v7e-m/fpv4-sp/hard/libgcc.a(_dvmd_tls.o)
                0x0000000000033138                __aeabi_ldiv0
                0x0000000000033138                __aeabi_idiv0
 *(.init)
 .init          0x000000000003313c        0x4 /usr/bin/../lib/gcc/arm-none-eabi/7.3.1/thumb/v7e-m/fpv4-sp/hard/crti.o
                0x000000000003313c                _init
 .init          0x0000000000033140        0x8 /usr/bin/../lib/gcc/arm-none-eabi/7.3.1/thumb/v7e-m/fpv4-sp/hard/crtn.o
 *(.fini)
 .fini          0x0000000000033148        0x4 /usr/bin/../lib/gcc/arm-none-eabi/7.3.1/thumb/v7e-m/fpv4-sp/hard/crti.o
                0x0000000000033148                _fini
 .fini          0x000000000003314c        0x8 /usr/bin/../lib/gcc/arm-none-eabi/7.3.1/thumb/v7e-m/fpv4-sp/hard/crtn.o
 *crtbegin.o(.ctors)
 *crtbegin?.o(.ctors)
 *(EXCLUDE_FILE(*crtend.o *crtend?.o) .ctors)
 *(SORT_BY_NAME(.ctors.*))
 *(.ctors)
 *crtbegin.o(.dtors)
 *crtbegin?.o(.dtors)
 *(EXCLUDE_FILE(*crtend.o *crtend?.o) .dtors)
 *(SORT_BY_NAME(.dtors.*))
 *(.dtors)
 *(.rodata*)
 .rodata        0x0000000000033154       0x30 _build/main.o
 .rodata.ble_evt_write.str1.1
                0x0000000000033184       0x10 _build/main.o
 .rodata.main.str1.1
                0x0000000000033194       0x77 _build/main.o
 .rodata.print_state.str1.1
                0x000000000003320b       0x22 _build/main.o
 .rodata.str1.1
                0x000000000003322d        0x5 _build/main.o
 *fill*         0x0000000000033232        0x2 
 .rodata.twi_mngr_instance
                0x0000000000033234       0x18 _build/main.o
 *fill*         0x000000000003324c        0x4 
 .rodata.delay_machine_code.8820
                0x0000000000033250        0x6 _build/display.o
 .rodata.display_init.str1.1
                0x0000000000033256       0x59 _build/display.o
 *fill*         0x00000000000332af        0x1 
 .rodata        0x00000000000332b0        0x8 _build/mpu9250.o
 *fill*         0x00000000000332b8        0x8 
 .rodata.delay_machine_code.8617
                0x00000000000332c0        0x6 _build/mpu9250.o
 *fill*         0x00000000000332c6        0x2 
 .rodata.gyro_timer
                0x00000000000332c8        0x8 _build/mpu9250.o
 .rodata.i2c_reg_write.str1.1
                0x00000000000332d0       0x55 _build/mpu9250.o
 .rodata.kobukiInit.str1.1
                0x0000000000033325       0x5c _build/kobukiUtilities.o
 *fill*         0x0000000000033381        0x3 
 .rodata.m_uart0_drv_config
                0x0000000000033384       0x20 _build/kobukiUtilities.o
 .rodata.serial_buffs
                0x00000000000333a4        0xc _build/kobukiUtilities.o
 .rodata.serial_config
                0x00000000000333b0       0x14 _build/kobukiUtilities.o
 .rodata.serial_queues
                0x00000000000333c4        0x8 _build/kobukiUtilities.o
 .rodata.serial_uart
                0x00000000000333cc       0x20 _build/kobukiUtilities.o
 .rodata.serial_uart_rx_timer
                0x00000000000333ec        0x4 _build/kobukiUtilities.o
 .rodata.serial_uart_tx_timer
                0x00000000000333f0        0x4 _build/kobukiUtilities.o
 .rodata.app_error_fault_handler.str1.1
                0x00000000000333f4       0xb7 _build/better_error_handling.o
 *fill*         0x00000000000334ab        0x5 
 .rodata.delay_machine_code.8629
                0x00000000000334b0        0x6 _build/better_error_handling.o
 .rodata._DoInit.str1.1
                0x00000000000334b6       0x14 _build/SEGGER_RTT.o
 *fill*         0x00000000000334ca        0x6 
 .rodata.delay_machine_code.9273
                0x00000000000334d0        0x6 _build/app_timer.o
 .rodata.app_util_critical_region_enter.str1.1
                0x00000000000334d6       0x55 _build/app_util_platform.o
 .rodata.HardFault_c_handler.str1.1
                0x000000000003352b      0x12e _build/hardfault_implementation.o
 *fill*         0x0000000000033659        0x3 
 .rodata.cfsr_msgs.9468
                0x000000000003365c       0x68 _build/hardfault_implementation.o
 .rodata.str1.1
                0x00000000000336c4      0x4c0 _build/hardfault_implementation.o
 .rodata.nrf_balloc_init.str1.1
                0x0000000000033b84       0x50 _build/nrf_balloc.o
 .rodata.nrf_drv_clock_uninit.str1.1
                0x0000000000033bd4       0x4f _build/nrf_drv_clock.o
 .rodata.str1.1
                0x0000000000033c23        0x6 _build/nrf_drv_clock.o
 *fill*         0x0000000000033c29        0x3 
 .rodata        0x0000000000033c2c       0x10 _build/nrf_drv_spi.o
 *fill*         0x0000000000033c3c        0x4 
 .rodata.delay_machine_code.8617
                0x0000000000033c40        0x6 _build/nrf_drv_twi.o
 .rodata.nrf_gpio_pin_port_decode.isra.0.part.1.str1.1
                0x0000000000033c46       0x43 _build/nrf_drv_twi.o
 .rodata.nrf_fprintf_buffer_flush.str1.1
                0x0000000000033c89       0x46 _build/nrf_fprintf.o
 .rodata._aV2C.7562
                0x0000000000033ccf       0x10 _build/nrf_fprintf_format.o
 .rodata.nrf_fprintf_fmt.str1.1
                0x0000000000033cdf       0x4d _build/nrf_fprintf_format.o
 .rodata.str1.1
                0x0000000000033d2c        0xd _build/nrf_fstorage.o
 *fill*         0x0000000000033d39        0x7 
 .rodata.delay_machine_code.9549
                0x0000000000033d40        0x6 _build/nrf_log_backend_rtt.o
 *fill*         0x0000000000033d46        0x2 
 .rodata.nrf_log_backend_rtt_api
                0x0000000000033d48        0xc _build/nrf_log_backend_rtt.o
                0x0000000000033d48                nrf_log_backend_rtt_api
 .rodata.nrf_log_default_backends_init.str1.1
                0x0000000000033d54       0x5f _build/nrf_log_default_backends.o
 .rodata.str1.1
                0x0000000000033db3       0x10 _build/nrf_log_default_backends.o
 .rodata.buf_prealloc.str1.1
                0x0000000000033dc3       0x57 _build/nrf_log_frontend.o
 *fill*         0x0000000000033e1a        0x2 
 .rodata.m_log_push_ringbuf
                0x0000000000033e1c        0xc _build/nrf_log_frontend.o
 .rodata.nrf_log_frontend_dequeue.str1.1
                0x0000000000033e28       0x11 _build/nrf_log_frontend.o
 .rodata.str1.1
                0x0000000000033e39        0x4 _build/nrf_log_frontend.o
 *fill*         0x0000000000033e3d        0x3 
 .rodata.m_colors
                0x0000000000033e40       0x24 _build/nrf_log_str_formatter.o
 .rodata.nrf_log_hexdump_entry_process.str1.1
                0x0000000000033e64        0xf _build/nrf_log_str_formatter.o
                                         0x11 (size before relaxing)
 .rodata.postfix_process.str1.1
                0x0000000000033e73        0x8 _build/nrf_log_str_formatter.o
                                          0xb (size before relaxing)
 .rodata.prefix_process.str1.1
                0x0000000000033e7b       0x2a _build/nrf_log_str_formatter.o
 *fill*         0x0000000000033ea5        0x3 
 .rodata.severity_names
                0x0000000000033ea8       0x14 _build/nrf_log_str_formatter.o
 .rodata.str1.1
                0x0000000000033ebc       0x4b _build/nrf_log_str_formatter.o
                                         0x51 (size before relaxing)
 .rodata.memobj_op.str1.1
                0x0000000000033f07       0x50 _build/nrf_memobj.o
 *fill*         0x0000000000033f57        0x1 
 .rodata.pwr_mgmt_data
                0x0000000000033f58        0xc _build/nrf_pwr_mgmt.o
 .rodata.str1.1
                0x0000000000033f64        0x9 _build/nrf_pwr_mgmt.o
 .rodata.nrf_queue_next_idx.str1.1
                0x0000000000033f6d       0x4e _build/nrf_queue.o
 .rodata.nrf_section_iter_init.str1.1
                0x0000000000033fbb       0x69 _build/nrf_section_iter.o
 .rodata.nrf_mtx_unlock.str1.1
                0x0000000000034024       0x4c _build/nrf_serial.o
 .rodata.nrf_serial_init.str1.1
                0x0000000000034070       0x4e _build/nrf_serial.o
 .rodata.uart_event_handler.str1.1
                0x00000000000340be       0x50 _build/nrf_serial.o
 .rodata.m_unknown_str
                0x000000000003410e       0x13 _build/nrf_strerror.o
 *fill*         0x0000000000034121        0x3 
 .rodata.nrf_strerror_array
                0x0000000000034124      0x128 _build/nrf_strerror.o
 .rodata.str1.1
                0x000000000003424c      0x3ba _build/nrf_strerror.o
 .rodata.transaction_end_signal.str1.1
                0x0000000000034606       0x54 _build/nrf_twi_mngr.o
 .rodata.nrfx_clock_init.str1.1
                0x000000000003465a       0x4d _build/nrfx_clock.o
 .rodata.str1.1
                0x00000000000346a7        0x6 _build/nrfx_clock.o
 .rodata.nrf_gpio_pin_port_decode.isra.0.part.1.str1.1
                0x00000000000346ad       0x43 _build/nrfx_gpiote.o
 .rodata.nrfx_gpiote_out_init.str1.1
                0x00000000000346ad       0x4e _build/nrfx_gpiote.o
 .rodata.str1.1
                0x00000000000346fb        0x7 _build/nrfx_gpiote.o
 .rodata.str1.1
                0x0000000000034702        0x4 _build/nrfx_ppi.o
 .rodata.UARTE0_UART0_IRQHandler.str1.1
                0x0000000000034706       0x4f _build/nrfx_prs.o
 .rodata.str1.1
                0x0000000000034755        0x4 _build/nrfx_prs.o
 .rodata.str1.1
                0x0000000000034759        0x4 _build/nrfx_pwm.o
 .rodata.str1.1
                0x000000000003475d        0x6 _build/nrfx_saadc.o
 .rodata.SPIM1_SPIS1_TWIM1_TWIS1_SPI1_TWI1_IRQHandler.str1.1
                0x0000000000034763       0x4c _build/nrfx_spim.o
 .rodata.nrf_gpio_pin_port_decode.isra.0.part.1.str1.1
                0x00000000000347af       0x43 _build/nrfx_spim.o
 .rodata.nrfx_spim_init.str1.1
                0x00000000000347af       0x44 _build/nrfx_spim.o
 .rodata.str1.1
                0x00000000000347f3        0x5 _build/nrfx_spim.o
 .rodata.nrfx_timer_init.str1.1
                0x00000000000347f8       0x4d _build/nrfx_timer.o
                                         0x91 (size before relaxing)
 .rodata.str1.1
                0x0000000000034845        0x6 _build/nrfx_timer.o
 .rodata.SPIM0_SPIS0_TWIM0_TWIS0_SPI0_TWI0_IRQHandler.str1.1
                0x000000000003484b       0x4c _build/nrfx_twim.o
 .rodata.nrfx_twim_init.str1.1
                0x0000000000034897       0x87 _build/nrfx_twim.o
 .rodata.str1.1
                0x0000000000034897        0x5 _build/nrfx_twim.o
 .rodata.nrf_gpio_pin_port_decode.isra.3.part.4.str1.1
                0x000000000003489c       0x43 _build/nrfx_uart.o
 .rodata.nrfx_uart_init.str1.1
                0x000000000003489c       0x4c _build/nrfx_uart.o
                                         0x90 (size before relaxing)
 .rodata.str1.1
                0x00000000000348e8        0x5 _build/nrfx_uart.o
 .rodata.nrf_gpio_pin_port_decode.isra.1.part.2.str1.1
                0x00000000000348ed       0x43 _build/nrfx_uarte.o
 .rodata.nrfx_uarte_init.str1.1
                0x00000000000348ed       0x4d _build/nrfx_uarte.o
                                         0x91 (size before relaxing)
 .rodata.str1.1
                0x000000000003493a        0x6 _build/nrfx_uarte.o
 .rodata.data_length_update.str1.1
                0x0000000000034940       0xdf _build/nrf_ble_gatt.o
 .rodata.nrf_ble_gatt_on_ble_evt.str1.1
                0x0000000000034a1f       0x60 _build/nrf_ble_gatt.o
 .rodata.str1.1
                0x0000000000034a7f        0xd _build/nrf_ble_gatt.o
 .rodata        0x0000000000034a8c        0x4 _build/nrf_sdh.o
 .rodata.sdh_req_observers
                0x0000000000034a90        0xc _build/nrf_sdh.o
 .rodata.sdh_stack_observers
                0x0000000000034a9c        0xc _build/nrf_sdh.o
 .rodata.sdh_state_observers
                0x0000000000034aa8        0xc _build/nrf_sdh.o
 .rodata.softdevices_evt_irq_enable.str1.1
                0x0000000000034ab4       0x4e _build/nrf_sdh.o
 .rodata.str1.1
                0x0000000000034b02        0x8 _build/nrf_sdh.o
 .rodata.nrf_sdh_ble_default_cfg_set.str1.1
                0x0000000000034b0a      0x1c9 _build/nrf_sdh_ble.o
 .rodata.nrf_sdh_ble_enable.str1.1
                0x0000000000034cd3       0xa7 _build/nrf_sdh_ble.o
 .rodata.nrf_sdh_ble_evts_poll.part.0.str1.1
                0x0000000000034d7a       0x52 _build/nrf_sdh_ble.o
 .rodata.sdh_ble_observers
                0x0000000000034dcc        0xc _build/nrf_sdh_ble.o
 .rodata.str1.1
                0x0000000000034dd8        0xc _build/nrf_sdh_ble.o
 .rodata.CONN_SUP_TIMEOUT
                0x0000000000034de4        0x4 _build/simple_ble.o
                0x0000000000034de4                CONN_SUP_TIMEOUT
 .rodata.FIRST_CONN_PARAMS_UPDATE_DELAY
                0x0000000000034de8        0x4 _build/simple_ble.o
                0x0000000000034de8                FIRST_CONN_PARAMS_UPDATE_DELAY
 .rodata.SLAVE_LATENCY
                0x0000000000034dec        0x4 _build/simple_ble.o
                0x0000000000034dec                SLAVE_LATENCY
 .rodata.assert_nrf_callback.str1.1
                0x0000000000034df0       0x25 _build/simple_ble.o
 .rodata.on_ble_evt.str1.1
                0x0000000000034e15       0x51 _build/simple_ble.o
 .rodata.simple_ble_init.str1.1
                0x0000000000034e66       0x4b _build/simple_ble.o
 *fill*         0x0000000000034eb1        0x3 
 .rodata._global_impure_ptr
                0x0000000000034eb4        0x4 /usr/bin/../lib/gcc/arm-none-eabi/7.3.1/../../../../arm-none-eabi/lib/thumb/v7e-m/fpv4-sp/hard/libc.a(lib_a-impure.o)
                0x0000000000034eb4                _global_impure_ptr
 .rodata._setlocale_r.str1.4
                0x0000000000034eb8        0xa /usr/bin/../lib/gcc/arm-none-eabi/7.3.1/../../../../arm-none-eabi/lib/thumb/v7e-m/fpv4-sp/hard/libc.a(lib_a-locale.o)
                                          0xd (size before relaxing)
 *fill*         0x0000000000034ec2        0x2 
 .rodata.str1.4
                0x0000000000034ec4        0x2 /usr/bin/../lib/gcc/arm-none-eabi/7.3.1/../../../../arm-none-eabi/lib/thumb/v7e-m/fpv4-sp/hard/libc.a(lib_a-locale.o)
 *fill*         0x0000000000034ec6        0x2 
 .rodata._vfprintf_r.str1.4
                0x0000000000034ec8       0x42 /usr/bin/../lib/gcc/arm-none-eabi/7.3.1/../../../../arm-none-eabi/lib/thumb/v7e-m/fpv4-sp/hard/libc.a(lib_a-vfprintf.o)
 *fill*         0x0000000000034f0a        0x2 
 .rodata.blanks.8605
                0x0000000000034f0c       0x10 /usr/bin/../lib/gcc/arm-none-eabi/7.3.1/../../../../arm-none-eabi/lib/thumb/v7e-m/fpv4-sp/hard/libc.a(lib_a-vfprintf.o)
 .rodata.zeroes.8606
                0x0000000000034f1c       0x10 /usr/bin/../lib/gcc/arm-none-eabi/7.3.1/../../../../arm-none-eabi/lib/thumb/v7e-m/fpv4-sp/hard/libc.a(lib_a-vfprintf.o)
 .rodata._ctype_
                0x0000000000034f2c      0x101 /usr/bin/../lib/gcc/arm-none-eabi/7.3.1/../../../../arm-none-eabi/lib/thumb/v7e-m/fpv4-sp/hard/libc.a(lib_a-ctype_.o)
                0x0000000000034f2c                _ctype_
 *fill*         0x000000000003502d        0x3 
 .rodata._dtoa_r.str1.4
                0x0000000000035030       0x10 /usr/bin/../lib/gcc/arm-none-eabi/7.3.1/../../../../arm-none-eabi/lib/thumb/v7e-m/fpv4-sp/hard/libc.a(lib_a-dtoa.o)
                                         0x12 (size before relaxing)
 .rodata.__mprec_bigtens
                0x0000000000035040       0x28 /usr/bin/../lib/gcc/arm-none-eabi/7.3.1/../../../../arm-none-eabi/lib/thumb/v7e-m/fpv4-sp/hard/libc.a(lib_a-mprec.o)
                0x0000000000035040                __mprec_bigtens
 .rodata.__mprec_tens
                0x0000000000035068       0xc8 /usr/bin/../lib/gcc/arm-none-eabi/7.3.1/../../../../arm-none-eabi/lib/thumb/v7e-m/fpv4-sp/hard/libc.a(lib_a-mprec.o)
                0x0000000000035068                __mprec_tens
 .rodata.p05.7367
                0x0000000000035130        0xc /usr/bin/../lib/gcc/arm-none-eabi/7.3.1/../../../../arm-none-eabi/lib/thumb/v7e-m/fpv4-sp/hard/libc.a(lib_a-mprec.o)
 *(.eh_frame*)
 .eh_frame      0x000000000003513c        0x0 /usr/bin/../lib/gcc/arm-none-eabi/7.3.1/thumb/v7e-m/fpv4-sp/hard/crtbegin.o
 .eh_frame      0x000000000003513c        0x4 /usr/bin/../lib/gcc/arm-none-eabi/7.3.1/thumb/v7e-m/fpv4-sp/hard/crtend.o

.glue_7         0x0000000000035140        0x0
 .glue_7        0x0000000000035140        0x0 linker stubs

.glue_7t        0x0000000000035140        0x0
 .glue_7t       0x0000000000035140        0x0 linker stubs

.vfp11_veneer   0x0000000000035140        0x0
 .vfp11_veneer  0x0000000000035140        0x0 linker stubs

.v4_bx          0x0000000000035140        0x0
 .v4_bx         0x0000000000035140        0x0 linker stubs

.iplt           0x0000000000035140        0x0
 .iplt          0x0000000000035140        0x0 /usr/bin/../lib/gcc/arm-none-eabi/7.3.1/thumb/v7e-m/fpv4-sp/hard/crtbegin.o

.mem_section_dummy_rom

.sdh_soc_observers
                0x0000000000035140       0x10
                [!provide]                        PROVIDE (__start_sdh_soc_observers = .)
 *(SORT_BY_NAME(.sdh_soc_observers*))
 .sdh_soc_observers0
                0x0000000000035140        0x8 _build/nrf_drv_clock.o
 .sdh_soc_observers1
                0x0000000000035148        0x8 _build/simple_ble.o
                [!provide]                        PROVIDE (__stop_sdh_soc_observers = .)

.crypto_data    0x0000000000035150        0x0
                [!provide]                        PROVIDE (__start_crypto_data = .)
 *(SORT_BY_NAME(.crypto_data*))
                [!provide]                        PROVIDE (__stop_crypto_data = .)

.log_const_data
                0x0000000000035150       0x98
                0x0000000000035150                PROVIDE (__start_log_const_data = .)
 *(SORT_BY_NAME(.log_const_data*))
 .log_const_data_CLOCK
                0x0000000000035150        0x8 _build/nrfx_clock.o
                0x0000000000035150                m_nrf_log_CLOCK_logs_data_const
 .log_const_data_GPIOTE
                0x0000000000035158        0x8 _build/nrfx_gpiote.o
                0x0000000000035158                m_nrf_log_GPIOTE_logs_data_const
 .log_const_data_PPI
                0x0000000000035160        0x8 _build/nrfx_ppi.o
                0x0000000000035160                m_nrf_log_PPI_logs_data_const
 .log_const_data_PRS
                0x0000000000035168        0x8 _build/nrfx_prs.o
                0x0000000000035168                m_nrf_log_PRS_logs_data_const
 .log_const_data_PWM
                0x0000000000035170        0x8 _build/nrfx_pwm.o
                0x0000000000035170                m_nrf_log_PWM_logs_data_const
 .log_const_data_SAADC
                0x0000000000035178        0x8 _build/nrfx_saadc.o
                0x0000000000035178                m_nrf_log_SAADC_logs_data_const
 .log_const_data_SPIM
                0x0000000000035180        0x8 _build/nrfx_spim.o
                0x0000000000035180                m_nrf_log_SPIM_logs_data_const
 .log_const_data_TIMER
                0x0000000000035188        0x8 _build/nrfx_timer.o
                0x0000000000035188                m_nrf_log_TIMER_logs_data_const
 .log_const_data_TWIM
                0x0000000000035190        0x8 _build/nrfx_twim.o
                0x0000000000035190                m_nrf_log_TWIM_logs_data_const
 .log_const_data_UART
                0x0000000000035198        0x8 _build/nrfx_uart.o
                0x0000000000035198                m_nrf_log_UART_logs_data_const
 .log_const_data_UARTE
                0x00000000000351a0        0x8 _build/nrfx_uarte.o
                0x00000000000351a0                m_nrf_log_UARTE_logs_data_const
 .log_const_data_app
                0x00000000000351a8        0x8 _build/nrf_log_frontend.o
                0x00000000000351a8                m_nrf_log_app_logs_data_const
 .log_const_data_clock
                0x00000000000351b0        0x8 _build/nrf_drv_clock.o
                0x00000000000351b0                m_nrf_log_clock_logs_data_const
 .log_const_data_hardfault
                0x00000000000351b8        0x8 _build/hardfault_implementation.o
                0x00000000000351b8                m_nrf_log_hardfault_logs_data_const
 .log_const_data_nrf_ble_gatt
                0x00000000000351c0        0x8 _build/nrf_ble_gatt.o
                0x00000000000351c0                m_nrf_log_nrf_ble_gatt_logs_data_const
 .log_const_data_nrf_fstorage
                0x00000000000351c8        0x8 _build/nrf_fstorage.o
                0x00000000000351c8                m_nrf_log_nrf_fstorage_logs_data_const
 .log_const_data_nrf_sdh
                0x00000000000351d0        0x8 _build/nrf_sdh.o
                0x00000000000351d0                m_nrf_log_nrf_sdh_logs_data_const
 .log_const_data_nrf_sdh_ble
                0x00000000000351d8        0x8 _build/nrf_sdh_ble.o
                0x00000000000351d8                m_nrf_log_nrf_sdh_ble_logs_data_const
 .log_const_data_pwr_mgmt
                0x00000000000351e0        0x8 _build/nrf_pwr_mgmt.o
                0x00000000000351e0                m_nrf_log_pwr_mgmt_logs_data_const
                0x00000000000351e8                PROVIDE (__stop_log_const_data = .)

.nrf_balloc     0x00000000000351e8       0x14
                [!provide]                        PROVIDE (__start_nrf_balloc = .)
 *(.nrf_balloc)
 .nrf_balloc    0x00000000000351e8       0x14 _build/nrf_log_frontend.o
                0x00000000000351e8                log_mempool
                [!provide]                        PROVIDE (__stop_nrf_balloc = .)

.nrf_queue      0x00000000000351fc       0x3c
                [!provide]                        PROVIDE (__start_nrf_queue = .)
 *(.nrf_queue)
 .nrf_queue     0x00000000000351fc       0x14 _build/main.o
                0x00000000000351fc                twi_mngr_instance_queue
 .nrf_queue     0x0000000000035210       0x28 _build/kobukiUtilities.o
                0x0000000000035210                serial_queues_txq
                0x0000000000035224                serial_queues_rxq
                [!provide]                        PROVIDE (__stop_nrf_queue = .)

.sdh_state_observers
                0x0000000000035238        0x8
                0x0000000000035238                PROVIDE (__start_sdh_state_observers = .)
 *(SORT_BY_NAME(.sdh_state_observers*))
 .sdh_state_observers0
                0x0000000000035238        0x8 _build/nrf_drv_clock.o
                0x0000000000035240                PROVIDE (__stop_sdh_state_observers = .)

.sdh_stack_observers
                0x0000000000035240        0x8
                0x0000000000035240                PROVIDE (__start_sdh_stack_observers = .)
 *(SORT_BY_NAME(.sdh_stack_observers*))
 .sdh_stack_observers0
                0x0000000000035240        0x8 _build/nrf_sdh_ble.o
                0x0000000000035248                PROVIDE (__stop_sdh_stack_observers = .)

.sdh_req_observers
                0x0000000000035248        0x0
                0x0000000000035248                PROVIDE (__start_sdh_req_observers = .)
 *(SORT_BY_NAME(.sdh_req_observers*))
                0x0000000000035248                PROVIDE (__stop_sdh_req_observers = .)

.cli_command    0x0000000000035248        0x0
                [!provide]                        PROVIDE (__start_cli_command = .)
 *(.cli_command)
                [!provide]                        PROVIDE (__stop_cli_command = .)

.pwr_mgmt_data  0x0000000000035248        0x0
                0x0000000000035248                PROVIDE (__start_pwr_mgmt_data = .)
 *(SORT_BY_NAME(.pwr_mgmt_data*))
                0x0000000000035248                PROVIDE (__stop_pwr_mgmt_data = .)

.sdh_ble_observers
                0x0000000000035248       0x28
                0x0000000000035248                PROVIDE (__start_sdh_ble_observers = .)
 *(SORT_BY_NAME(.sdh_ble_observers*))
 .sdh_ble_observers1
                0x0000000000035248        0x8 _build/ble_conn_params.o
 .sdh_ble_observers1
                0x0000000000035250       0x10 _build/simple_ble.o
 .sdh_ble_observers2
                0x0000000000035260        0x8 _build/simple_ble.o
 .sdh_ble_observers3
                0x0000000000035268        0x8 _build/simple_ble.o
                0x0000000000035270                PROVIDE (__stop_sdh_ble_observers = .)

.log_backends   0x0000000000035270       0x10
 .log_backends  0x0000000000035270       0x10 _build/nrf_log_default_backends.o

.dfu_trans      0x0000000000035280        0x0
                [!provide]                        PROVIDE (__start_dfu_trans = .)
 *(SORT_BY_NAME(.dfu_trans*))
                [!provide]                        PROVIDE (__stop_dfu_trans = .)

.ARM.extab
 *(.ARM.extab* .gnu.linkonce.armextab.*)
                0x0000000000035280                __exidx_start = .

.ARM.exidx      0x0000000000035280        0x8
 *(.ARM.exidx* .gnu.linkonce.armexidx.*)
 .ARM.exidx     0x0000000000035280        0x8 /usr/bin/../lib/gcc/arm-none-eabi/7.3.1/../../../../arm-none-eabi/lib/thumb/v7e-m/fpv4-sp/hard/crt0.o
 .ARM.exidx     0x0000000000035288        0x0 /usr/bin/../lib/gcc/arm-none-eabi/7.3.1/thumb/v7e-m/fpv4-sp/hard/libgcc.a(_udivmoddi4.o)
                                          0x8 (size before relaxing)
                0x0000000000035288                __exidx_end = .
                0x0000000000035288                __etext = .

.rel.dyn        0x0000000000035288        0x0
 .rel.iplt      0x0000000000035288        0x0 /usr/bin/../lib/gcc/arm-none-eabi/7.3.1/thumb/v7e-m/fpv4-sp/hard/crtbegin.o

.data           0x00000000200098a8      0xa18 load address 0x0000000000035288
                0x00000000200098a8                __data_start__ = .
 *(vtable)
 *(.data*)
 .data.ble_config
                0x00000000200098a8       0x10 _build/main.o
 .data.direction_char
                0x00000000200098b8        0xa _build/main.o
 *fill*         0x00000000200098c2        0x2 
 .data.robot_service
                0x00000000200098c4       0x28 _build/main.o
 .data.log_backend_cb_rtt_log_backend
                0x00000000200098ec        0x8 _build/nrf_log_default_backends.o
 .data.m_adv_uuids
                0x00000000200098f4        0x4 _build/simple_ble.o
 .data.m_scan_buffer
                0x00000000200098f8        0x8 _build/simple_ble.o
 .data.SystemCoreClock
                0x0000000020009900        0x4 _build/system_nrf52.o
                0x0000000020009900                SystemCoreClock
 .data._impure_ptr
                0x0000000020009904        0x4 /usr/bin/../lib/gcc/arm-none-eabi/7.3.1/../../../../arm-none-eabi/lib/thumb/v7e-m/fpv4-sp/hard/libc.a(lib_a-impure.o)
                0x0000000020009904                _impure_ptr
 .data.impure_data
                0x0000000020009908      0x428 /usr/bin/../lib/gcc/arm-none-eabi/7.3.1/../../../../arm-none-eabi/lib/thumb/v7e-m/fpv4-sp/hard/libc.a(lib_a-impure.o)
 .data.__global_locale
                0x0000000020009d30      0x16c /usr/bin/../lib/gcc/arm-none-eabi/7.3.1/../../../../arm-none-eabi/lib/thumb/v7e-m/fpv4-sp/hard/libc.a(lib_a-locale.o)
                0x0000000020009d30                __global_locale
 .data.__atexit_recursive_mutex
                0x0000000020009e9c        0x4 /usr/bin/../lib/gcc/arm-none-eabi/7.3.1/../../../../arm-none-eabi/lib/thumb/v7e-m/fpv4-sp/hard/libc.a(lib_a-__call_atexit.o)
                0x0000000020009e9c                __atexit_recursive_mutex
 .data.__malloc_av_
                0x0000000020009ea0      0x408 /usr/bin/../lib/gcc/arm-none-eabi/7.3.1/../../../../arm-none-eabi/lib/thumb/v7e-m/fpv4-sp/hard/libc.a(lib_a-mallocr.o)
                0x0000000020009ea0                __malloc_av_
 .data.__malloc_sbrk_base
                0x000000002000a2a8        0x4 /usr/bin/../lib/gcc/arm-none-eabi/7.3.1/../../../../arm-none-eabi/lib/thumb/v7e-m/fpv4-sp/hard/libc.a(lib_a-mallocr.o)